#
# There is insufficient memory for the Java Runtime Environment to continue.
# Native memory allocation (malloc) failed to allocate 1584720 bytes. Error detail: Chunk::new
# Possible reasons:
#   The system is out of physical RAM or swap space
#   This process is running with CompressedOops enabled, and the Java Heap may be blocking the growth of the native heap
# Possible solutions:
#   Reduce memory load on the system
#   Increase physical memory or swap space
#   Check if swap backing store is full
#   Decrease Java heap size (-Xmx/-Xms)
#   Decrease number of Java threads
#   Decrease Java thread stack sizes (-Xss)
#   Set larger code cache with -XX:ReservedCodeCacheSize=
#   JVM is running with Zero Based Compressed Oops mode in which the Java heap is
#     placed in the first 32GB address space. The Java Heap base address is the
#     maximum limit for the native heap growth. Please use -XX:HeapBaseMinAddress
#     to set the Java Heap base and to place the Java Heap above 32GB virtual address.
# This output file may be truncated or incomplete.
#
#  Out of Memory Error (arena.cpp:149), pid=20860, tid=23012
#
# JRE version: OpenJDK Runtime Environment (23.0.1+11) (build 23.0.1+11-39)
# Java VM: OpenJDK 64-Bit Server VM (23.0.1+11-39, mixed mode, sharing, tiered, compressed oops, compressed class ptrs, g1 gc, windows-amd64)
# No core dump will be written. Minidumps are not enabled by default on client versions of Windows
#

---------------  S U M M A R Y ------------

Command Line: -javaagent:C:\Program Files\JetBrains\IntelliJ IDEA 2024.2.4\lib\idea_rt.jar=59252:C:\Program Files\JetBrains\IntelliJ IDEA 2024.2.4\bin -Dfile.encoding=UTF-8 -Dsun.stdout.encoding=UTF-8 -Dsun.stderr.encoding=UTF-8 com.example.Bank.BankApplication

Host: Intel(R) Core(TM) i5-6300U CPU @ 2.40GHz, 4 cores, 15G,  Windows 10 , 64 bit Build 19041 (10.0.19041.5915)
Time: Fri Dec 26 01:41:11 2025 Standard. vreme u Centr. Evropi elapsed time: 9.070435 seconds (0d 0h 0m 9s)

---------------  T H R E A D  ---------------

Current thread (0x00000299c9535a70):  JavaThread "C2 CompilerThread0" daemon [_thread_in_native, id=23012, stack(0x000000aaaa800000,0x000000aaaa900000) (1024K)]


Current CompileTask:
C2:9070 2465       4       java.lang.invoke.MethodType::methodType (69 bytes)

Stack: [0x000000aaaa800000,0x000000aaaa900000]
Native frames: (J=compiled Java code, j=interpreted, Vv=VM code, C=native code)
V  [jvm.dll+0x6e08b9]  (no source info available)
V  [jvm.dll+0x87dc83]  (no source info available)
V  [jvm.dll+0x88010e]  (no source info available)
V  [jvm.dll+0x8807e3]  (no source info available)
V  [jvm.dll+0x27aee6]  (no source info available)
V  [jvm.dll+0xbc06f]  (no source info available)
V  [jvm.dll+0xbc2cb]  (no source info available)
V  [jvm.dll+0x3b3a9c]  (no source info available)
V  [jvm.dll+0x38a42b]  (no source info available)
V  [jvm.dll+0x38989a]  (no source info available)
V  [jvm.dll+0x244aa1]  (no source info available)
V  [jvm.dll+0x243dff]  (no source info available)
V  [jvm.dll+0x1c33a0]  (no source info available)
V  [jvm.dll+0x253cf1]  (no source info available)
V  [jvm.dll+0x251faa]  (no source info available)
V  [jvm.dll+0x3ee036]  (no source info available)
V  [jvm.dll+0x824f8b]  (no source info available)
V  [jvm.dll+0x6df065]  (no source info available)
C  [ucrtbase.dll+0x21bb2]  (no source info available)
C  [KERNEL32.DLL+0x17374]  (no source info available)
C  [ntdll.dll+0x4cc91]  (no source info available)

Lock stack of current Java thread (top to bottom):


---------------  P R O C E S S  ---------------

Threads class SMR info:
_java_thread_list=0x0000029a10034850, length=16, elements={
0x00000299a88e0750, 0x00000299c952e000, 0x00000299c9530ee0, 0x00000299c9531db0,
0x00000299c9533820, 0x00000299c9534280, 0x00000299c9534ce0, 0x00000299c9535a70,
0x00000299c9598730, 0x00000299c964c3b0, 0x0000029a0f25a310, 0x0000029a0f25bda0,
0x0000029a0f617480, 0x0000029a0faaed60, 0x0000029a0fa6dbd0, 0x0000029a0f751f80
}

Java Threads: ( => current thread )
  0x00000299a88e0750 JavaThread "main"                              [_thread_blocked, id=22396, stack(0x000000aaa9a00000,0x000000aaa9b00000) (1024K)]
  0x00000299c952e000 JavaThread "Reference Handler"          daemon [_thread_blocked, id=17840, stack(0x000000aaaa200000,0x000000aaaa300000) (1024K)]
  0x00000299c9530ee0 JavaThread "Finalizer"                  daemon [_thread_blocked, id=10228, stack(0x000000aaaa300000,0x000000aaaa400000) (1024K)]
  0x00000299c9531db0 JavaThread "Signal Dispatcher"          daemon [_thread_blocked, id=14980, stack(0x000000aaaa400000,0x000000aaaa500000) (1024K)]
  0x00000299c9533820 JavaThread "Attach Listener"            daemon [_thread_blocked, id=1040, stack(0x000000aaaa500000,0x000000aaaa600000) (1024K)]
  0x00000299c9534280 JavaThread "Service Thread"             daemon [_thread_blocked, id=9496, stack(0x000000aaaa600000,0x000000aaaa700000) (1024K)]
  0x00000299c9534ce0 JavaThread "Monitor Deflation Thread"   daemon [_thread_blocked, id=21312, stack(0x000000aaaa700000,0x000000aaaa800000) (1024K)]
=>0x00000299c9535a70 JavaThread "C2 CompilerThread0"         daemon [_thread_in_native, id=23012, stack(0x000000aaaa800000,0x000000aaaa900000) (1024K)]
  0x00000299c9598730 JavaThread "C1 CompilerThread0"         daemon [_thread_blocked, id=1640, stack(0x000000aaaa900000,0x000000aaaaa00000) (1024K)]
  0x00000299c964c3b0 JavaThread "Common-Cleaner"             daemon [_thread_blocked, id=4924, stack(0x000000aaaaa00000,0x000000aaaab00000) (1024K)]
  0x0000029a0f25a310 JavaThread "Monitor Ctrl-Break"         daemon [_thread_in_native, id=18452, stack(0x000000aaaac00000,0x000000aaaad00000) (1024K)]
  0x0000029a0f25bda0 JavaThread "Notification Thread"        daemon [_thread_blocked, id=9020, stack(0x000000aaaad00000,0x000000aaaae00000) (1024K)]
  0x0000029a0f617480 JavaThread "Thread-0"                          [_thread_blocked, id=15796, stack(0x000000aaab000000,0x000000aaab100000) (1024K)]
  0x0000029a0faaed60 JavaThread "restartedMain"                     [_thread_in_Java, id=9344, stack(0x000000aaab100000,0x000000aaab200000) (1024K)]
  0x0000029a0fa6dbd0 JavaThread "background-preinit"                [_thread_in_vm, id=19852, stack(0x000000aaab200000,0x000000aaab300000) (1024K)]
  0x0000029a0f751f80 JavaThread "C2 CompilerThread1"         daemon [_thread_in_native, id=20576, stack(0x000000aaab300000,0x000000aaab400000) (1024K)]
Total: 16

Other Threads:
  0x00000299c9514430 VMThread "VM Thread"                           [id=7260, stack(0x000000aaaa100000,0x000000aaaa200000) (1024K)]
  0x00000299c9503210 WatcherThread "VM Periodic Task Thread"        [id=16972, stack(0x000000aaaa000000,0x000000aaaa100000) (1024K)]
  0x00000299aab574e0 WorkerThread "GC Thread#0"                     [id=16640, stack(0x000000aaa9b00000,0x000000aaa9c00000) (1024K)]
  0x0000029a0f4086f0 WorkerThread "GC Thread#1"                     [id=15600, stack(0x000000aaaab00000,0x000000aaaac00000) (1024K)]
  0x0000029a0f408aa0 WorkerThread "GC Thread#2"                     [id=12360, stack(0x000000aaaae00000,0x000000aaaaf00000) (1024K)]
  0x0000029a0f409660 WorkerThread "GC Thread#3"                     [id=12892, stack(0x000000aaaaf00000,0x000000aaab000000) (1024K)]
  0x00000299aab6c8c0 ConcurrentGCThread "G1 Main Marker"            [id=21276, stack(0x000000aaa9c00000,0x000000aaa9d00000) (1024K)]
  0x00000299aab6d490 WorkerThread "G1 Conc#0"                       [id=17128, stack(0x000000aaa9d00000,0x000000aaa9e00000) (1024K)]
  0x00000299c93d4180 ConcurrentGCThread "G1 Refine#0"               [id=17512, stack(0x000000aaa9e00000,0x000000aaa9f00000) (1024K)]
  0x00000299c93d70d0 ConcurrentGCThread "G1 Service"                [id=2096, stack(0x000000aaa9f00000,0x000000aaaa000000) (1024K)]
Total: 10

Threads with active compile tasks:
C2 CompilerThread0  9223 2465       4       java.lang.invoke.MethodType::methodType (69 bytes)
C2 CompilerThread1  9223 2555       4       java.util.zip.ZipFile$Source::getEntryPos (164 bytes)
Total: 2

VM state: not at safepoint (normal execution)

VM Mutex/Monitor currently owned by a thread: None

Heap address: 0x0000000709400000, size: 3948 MB, Compressed Oops mode: Zero based, Oop shift amount: 3

CDS archive(s) mapped at: [0x00000299ca000000-0x00000299cad70000-0x00000299cad70000), size 14090240, SharedBaseAddress: 0x00000299ca000000, ArchiveRelocationMode: 1.
Compressed class space mapped at: 0x00000299cb000000-0x0000029a0b000000, reserved size: 1073741824
Narrow klass base: 0x00000299ca000000, Narrow klass shift: 0, Narrow klass range: 0x41000000

GC Precious Log:
 CardTable entry size: 512
 Card Set container configuration: InlinePtr #cards 4 size 8 Array Of Cards #cards 16 size 48 Howl #buckets 8 coarsen threshold 3686 Howl Bitmap #cards 512 size 80 coarsen threshold 460 Card regions per heap region 1 cards per card region 4096
 CPUs: 4 total, 4 available
 Memory: 15784M
 Large Page Support: Disabled
 NUMA Support: Disabled
 Compressed Oops: Enabled (Zero based)
 Heap Region Size: 2M
 Heap Min Capacity: 8M
 Heap Initial Capacity: 248M
 Heap Max Capacity: 3948M
 Pre-touch: Disabled
 Parallel Workers: 4
 Concurrent Workers: 1
 Concurrent Refinement Workers: 4
 Periodic GC: Disabled

Heap:
 garbage-first heap   total reserved 4042752K, committed 253952K, used 27214K [0x0000000709400000, 0x0000000800000000)
  region size 2048K, 12 young (24576K), 2 survivors (4096K)
 Metaspace       used 18153K, committed 18560K, reserved 1114112K
  class space    used 2317K, committed 2496K, reserved 1048576K

Heap Regions: E=young(eden), S=young(survivor), O=old, HS=humongous(starts), HC=humongous(continues), CS=collection set, F=free, TAMS=top-at-mark-start, PB=parsable bottom
|   0|0x0000000709400000, 0x0000000709600000, 0x0000000709600000|100%| O|  |TAMS 0x0000000709400000| PB 0x0000000709400000| Untracked |  0
|   1|0x0000000709600000, 0x0000000709800000, 0x0000000709800000|100%| O|  |TAMS 0x0000000709600000| PB 0x0000000709600000| Untracked |  0
|   2|0x0000000709800000, 0x0000000709a00000, 0x0000000709a00000|100%| O|  |TAMS 0x0000000709800000| PB 0x0000000709800000| Untracked |  0
|   3|0x0000000709a00000, 0x0000000709b3e538, 0x0000000709c00000| 62%| O|  |TAMS 0x0000000709a00000| PB 0x0000000709a00000| Untracked |  0
|   4|0x0000000709c00000, 0x0000000709c00000, 0x0000000709e00000|  0%| F|  |TAMS 0x0000000709c00000| PB 0x0000000709c00000| Untracked |  0
|   5|0x0000000709e00000, 0x0000000709e00000, 0x000000070a000000|  0%| F|  |TAMS 0x0000000709e00000| PB 0x0000000709e00000| Untracked |  0
|   6|0x000000070a000000, 0x000000070a000000, 0x000000070a200000|  0%| F|  |TAMS 0x000000070a000000| PB 0x000000070a000000| Untracked |  0
|   7|0x000000070a200000, 0x000000070a200000, 0x000000070a400000|  0%| F|  |TAMS 0x000000070a200000| PB 0x000000070a200000| Untracked |  0
|   8|0x000000070a400000, 0x000000070a400000, 0x000000070a600000|  0%| F|  |TAMS 0x000000070a400000| PB 0x000000070a400000| Untracked |  0
|   9|0x000000070a600000, 0x000000070a600000, 0x000000070a800000|  0%| F|  |TAMS 0x000000070a600000| PB 0x000000070a600000| Untracked |  0
|  10|0x000000070a800000, 0x000000070a800000, 0x000000070aa00000|  0%| F|  |TAMS 0x000000070a800000| PB 0x000000070a800000| Untracked |  0
|  11|0x000000070aa00000, 0x000000070aa00000, 0x000000070ac00000|  0%| F|  |TAMS 0x000000070aa00000| PB 0x000000070aa00000| Untracked |  0
|  12|0x000000070ac00000, 0x000000070ac00000, 0x000000070ae00000|  0%| F|  |TAMS 0x000000070ac00000| PB 0x000000070ac00000| Untracked |  0
|  13|0x000000070ae00000, 0x000000070ae00000, 0x000000070b000000|  0%| F|  |TAMS 0x000000070ae00000| PB 0x000000070ae00000| Untracked |  0
|  14|0x000000070b000000, 0x000000070b000000, 0x000000070b200000|  0%| F|  |TAMS 0x000000070b000000| PB 0x000000070b000000| Untracked |  0
|  15|0x000000070b200000, 0x000000070b200000, 0x000000070b400000|  0%| F|  |TAMS 0x000000070b200000| PB 0x000000070b200000| Untracked |  0
|  16|0x000000070b400000, 0x000000070b400000, 0x000000070b600000|  0%| F|  |TAMS 0x000000070b400000| PB 0x000000070b400000| Untracked |  0
|  17|0x000000070b600000, 0x000000070b600000, 0x000000070b800000|  0%| F|  |TAMS 0x000000070b600000| PB 0x000000070b600000| Untracked |  0
|  18|0x000000070b800000, 0x000000070b800000, 0x000000070ba00000|  0%| F|  |TAMS 0x000000070b800000| PB 0x000000070b800000| Untracked |  0
|  19|0x000000070ba00000, 0x000000070ba00000, 0x000000070bc00000|  0%| F|  |TAMS 0x000000070ba00000| PB 0x000000070ba00000| Untracked |  0
|  20|0x000000070bc00000, 0x000000070bc00000, 0x000000070be00000|  0%| F|  |TAMS 0x000000070bc00000| PB 0x000000070bc00000| Untracked |  0
|  21|0x000000070be00000, 0x000000070be00000, 0x000000070c000000|  0%| F|  |TAMS 0x000000070be00000| PB 0x000000070be00000| Untracked |  0
|  22|0x000000070c000000, 0x000000070c000000, 0x000000070c200000|  0%| F|  |TAMS 0x000000070c000000| PB 0x000000070c000000| Untracked |  0
|  23|0x000000070c200000, 0x000000070c200000, 0x000000070c400000|  0%| F|  |TAMS 0x000000070c200000| PB 0x000000070c200000| Untracked |  0
|  24|0x000000070c400000, 0x000000070c400000, 0x000000070c600000|  0%| F|  |TAMS 0x000000070c400000| PB 0x000000070c400000| Untracked |  0
|  25|0x000000070c600000, 0x000000070c600000, 0x000000070c800000|  0%| F|  |TAMS 0x000000070c600000| PB 0x000000070c600000| Untracked |  0
|  26|0x000000070c800000, 0x000000070c800000, 0x000000070ca00000|  0%| F|  |TAMS 0x000000070c800000| PB 0x000000070c800000| Untracked |  0
|  27|0x000000070ca00000, 0x000000070ca00000, 0x000000070cc00000|  0%| F|  |TAMS 0x000000070ca00000| PB 0x000000070ca00000| Untracked |  0
|  28|0x000000070cc00000, 0x000000070cc00000, 0x000000070ce00000|  0%| F|  |TAMS 0x000000070cc00000| PB 0x000000070cc00000| Untracked |  0
|  29|0x000000070ce00000, 0x000000070ce00000, 0x000000070d000000|  0%| F|  |TAMS 0x000000070ce00000| PB 0x000000070ce00000| Untracked |  0
|  30|0x000000070d000000, 0x000000070d000000, 0x000000070d200000|  0%| F|  |TAMS 0x000000070d000000| PB 0x000000070d000000| Untracked |  0
|  31|0x000000070d200000, 0x000000070d200000, 0x000000070d400000|  0%| F|  |TAMS 0x000000070d200000| PB 0x000000070d200000| Untracked |  0
|  32|0x000000070d400000, 0x000000070d400000, 0x000000070d600000|  0%| F|  |TAMS 0x000000070d400000| PB 0x000000070d400000| Untracked |  0
|  33|0x000000070d600000, 0x000000070d600000, 0x000000070d800000|  0%| F|  |TAMS 0x000000070d600000| PB 0x000000070d600000| Untracked |  0
|  34|0x000000070d800000, 0x000000070d800000, 0x000000070da00000|  0%| F|  |TAMS 0x000000070d800000| PB 0x000000070d800000| Untracked |  0
|  35|0x000000070da00000, 0x000000070da00000, 0x000000070dc00000|  0%| F|  |TAMS 0x000000070da00000| PB 0x000000070da00000| Untracked |  0
|  36|0x000000070dc00000, 0x000000070dc00000, 0x000000070de00000|  0%| F|  |TAMS 0x000000070dc00000| PB 0x000000070dc00000| Untracked |  0
|  37|0x000000070de00000, 0x000000070de00000, 0x000000070e000000|  0%| F|  |TAMS 0x000000070de00000| PB 0x000000070de00000| Untracked |  0
|  38|0x000000070e000000, 0x000000070e000000, 0x000000070e200000|  0%| F|  |TAMS 0x000000070e000000| PB 0x000000070e000000| Untracked |  0
|  39|0x000000070e200000, 0x000000070e200000, 0x000000070e400000|  0%| F|  |TAMS 0x000000070e200000| PB 0x000000070e200000| Untracked |  0
|  40|0x000000070e400000, 0x000000070e400000, 0x000000070e600000|  0%| F|  |TAMS 0x000000070e400000| PB 0x000000070e400000| Untracked |  0
|  41|0x000000070e600000, 0x000000070e600000, 0x000000070e800000|  0%| F|  |TAMS 0x000000070e600000| PB 0x000000070e600000| Untracked |  0
|  42|0x000000070e800000, 0x000000070e800000, 0x000000070ea00000|  0%| F|  |TAMS 0x000000070e800000| PB 0x000000070e800000| Untracked |  0
|  43|0x000000070ea00000, 0x000000070ea00000, 0x000000070ec00000|  0%| F|  |TAMS 0x000000070ea00000| PB 0x000000070ea00000| Untracked |  0
|  44|0x000000070ec00000, 0x000000070ec00000, 0x000000070ee00000|  0%| F|  |TAMS 0x000000070ec00000| PB 0x000000070ec00000| Untracked |  0
|  45|0x000000070ee00000, 0x000000070ee00000, 0x000000070f000000|  0%| F|  |TAMS 0x000000070ee00000| PB 0x000000070ee00000| Untracked |  0
|  46|0x000000070f000000, 0x000000070f000000, 0x000000070f200000|  0%| F|  |TAMS 0x000000070f000000| PB 0x000000070f000000| Untracked |  0
|  47|0x000000070f200000, 0x000000070f200000, 0x000000070f400000|  0%| F|  |TAMS 0x000000070f200000| PB 0x000000070f200000| Untracked |  0
|  48|0x000000070f400000, 0x000000070f400000, 0x000000070f600000|  0%| F|  |TAMS 0x000000070f400000| PB 0x000000070f400000| Untracked |  0
|  49|0x000000070f600000, 0x000000070f600000, 0x000000070f800000|  0%| F|  |TAMS 0x000000070f600000| PB 0x000000070f600000| Untracked |  0
|  50|0x000000070f800000, 0x000000070f800000, 0x000000070fa00000|  0%| F|  |TAMS 0x000000070f800000| PB 0x000000070f800000| Untracked |  0
|  51|0x000000070fa00000, 0x000000070fa00000, 0x000000070fc00000|  0%| F|  |TAMS 0x000000070fa00000| PB 0x000000070fa00000| Untracked |  0
|  52|0x000000070fc00000, 0x000000070fc00000, 0x000000070fe00000|  0%| F|  |TAMS 0x000000070fc00000| PB 0x000000070fc00000| Untracked |  0
|  53|0x000000070fe00000, 0x000000070fe00000, 0x0000000710000000|  0%| F|  |TAMS 0x000000070fe00000| PB 0x000000070fe00000| Untracked |  0
|  54|0x0000000710000000, 0x0000000710000000, 0x0000000710200000|  0%| F|  |TAMS 0x0000000710000000| PB 0x0000000710000000| Untracked |  0
|  55|0x0000000710200000, 0x0000000710200000, 0x0000000710400000|  0%| F|  |TAMS 0x0000000710200000| PB 0x0000000710200000| Untracked |  0
|  56|0x0000000710400000, 0x0000000710400000, 0x0000000710600000|  0%| F|  |TAMS 0x0000000710400000| PB 0x0000000710400000| Untracked |  0
|  57|0x0000000710600000, 0x0000000710600000, 0x0000000710800000|  0%| F|  |TAMS 0x0000000710600000| PB 0x0000000710600000| Untracked |  0
|  58|0x0000000710800000, 0x0000000710800000, 0x0000000710a00000|  0%| F|  |TAMS 0x0000000710800000| PB 0x0000000710800000| Untracked |  0
|  59|0x0000000710a00000, 0x0000000710a00000, 0x0000000710c00000|  0%| F|  |TAMS 0x0000000710a00000| PB 0x0000000710a00000| Untracked |  0
|  60|0x0000000710c00000, 0x0000000710c00000, 0x0000000710e00000|  0%| F|  |TAMS 0x0000000710c00000| PB 0x0000000710c00000| Untracked |  0
|  61|0x0000000710e00000, 0x0000000710e00000, 0x0000000711000000|  0%| F|  |TAMS 0x0000000710e00000| PB 0x0000000710e00000| Untracked |  0
|  62|0x0000000711000000, 0x0000000711000000, 0x0000000711200000|  0%| F|  |TAMS 0x0000000711000000| PB 0x0000000711000000| Untracked |  0
|  63|0x0000000711200000, 0x0000000711200000, 0x0000000711400000|  0%| F|  |TAMS 0x0000000711200000| PB 0x0000000711200000| Untracked |  0
|  64|0x0000000711400000, 0x0000000711400000, 0x0000000711600000|  0%| F|  |TAMS 0x0000000711400000| PB 0x0000000711400000| Untracked |  0
|  65|0x0000000711600000, 0x0000000711600000, 0x0000000711800000|  0%| F|  |TAMS 0x0000000711600000| PB 0x0000000711600000| Untracked |  0
|  66|0x0000000711800000, 0x0000000711800000, 0x0000000711a00000|  0%| F|  |TAMS 0x0000000711800000| PB 0x0000000711800000| Untracked |  0
|  67|0x0000000711a00000, 0x0000000711a00000, 0x0000000711c00000|  0%| F|  |TAMS 0x0000000711a00000| PB 0x0000000711a00000| Untracked |  0
|  68|0x0000000711c00000, 0x0000000711c00000, 0x0000000711e00000|  0%| F|  |TAMS 0x0000000711c00000| PB 0x0000000711c00000| Untracked |  0
|  69|0x0000000711e00000, 0x0000000711e00000, 0x0000000712000000|  0%| F|  |TAMS 0x0000000711e00000| PB 0x0000000711e00000| Untracked |  0
|  70|0x0000000712000000, 0x0000000712000000, 0x0000000712200000|  0%| F|  |TAMS 0x0000000712000000| PB 0x0000000712000000| Untracked |  0
|  71|0x0000000712200000, 0x0000000712200000, 0x0000000712400000|  0%| F|  |TAMS 0x0000000712200000| PB 0x0000000712200000| Untracked |  0
|  72|0x0000000712400000, 0x0000000712400000, 0x0000000712600000|  0%| F|  |TAMS 0x0000000712400000| PB 0x0000000712400000| Untracked |  0
|  73|0x0000000712600000, 0x0000000712600000, 0x0000000712800000|  0%| F|  |TAMS 0x0000000712600000| PB 0x0000000712600000| Untracked |  0
|  74|0x0000000712800000, 0x0000000712800000, 0x0000000712a00000|  0%| F|  |TAMS 0x0000000712800000| PB 0x0000000712800000| Untracked |  0
|  75|0x0000000712a00000, 0x0000000712a00000, 0x0000000712c00000|  0%| F|  |TAMS 0x0000000712a00000| PB 0x0000000712a00000| Untracked |  0
|  76|0x0000000712c00000, 0x0000000712c00000, 0x0000000712e00000|  0%| F|  |TAMS 0x0000000712c00000| PB 0x0000000712c00000| Untracked |  0
|  77|0x0000000712e00000, 0x0000000712e00000, 0x0000000713000000|  0%| F|  |TAMS 0x0000000712e00000| PB 0x0000000712e00000| Untracked |  0
|  78|0x0000000713000000, 0x0000000713000000, 0x0000000713200000|  0%| F|  |TAMS 0x0000000713000000| PB 0x0000000713000000| Untracked |  0
|  79|0x0000000713200000, 0x0000000713200000, 0x0000000713400000|  0%| F|  |TAMS 0x0000000713200000| PB 0x0000000713200000| Untracked |  0
|  80|0x0000000713400000, 0x0000000713400000, 0x0000000713600000|  0%| F|  |TAMS 0x0000000713400000| PB 0x0000000713400000| Untracked |  0
|  81|0x0000000713600000, 0x0000000713600000, 0x0000000713800000|  0%| F|  |TAMS 0x0000000713600000| PB 0x0000000713600000| Untracked |  0
|  82|0x0000000713800000, 0x0000000713800000, 0x0000000713a00000|  0%| F|  |TAMS 0x0000000713800000| PB 0x0000000713800000| Untracked |  0
|  83|0x0000000713a00000, 0x0000000713a00000, 0x0000000713c00000|  0%| F|  |TAMS 0x0000000713a00000| PB 0x0000000713a00000| Untracked |  0
|  84|0x0000000713c00000, 0x0000000713c00000, 0x0000000713e00000|  0%| F|  |TAMS 0x0000000713c00000| PB 0x0000000713c00000| Untracked |  0
|  85|0x0000000713e00000, 0x0000000713e00000, 0x0000000714000000|  0%| F|  |TAMS 0x0000000713e00000| PB 0x0000000713e00000| Untracked |  0
|  86|0x0000000714000000, 0x0000000714000000, 0x0000000714200000|  0%| F|  |TAMS 0x0000000714000000| PB 0x0000000714000000| Untracked |  0
|  87|0x0000000714200000, 0x0000000714200000, 0x0000000714400000|  0%| F|  |TAMS 0x0000000714200000| PB 0x0000000714200000| Untracked |  0
|  88|0x0000000714400000, 0x0000000714400000, 0x0000000714600000|  0%| F|  |TAMS 0x0000000714400000| PB 0x0000000714400000| Untracked |  0
|  89|0x0000000714600000, 0x0000000714600000, 0x0000000714800000|  0%| F|  |TAMS 0x0000000714600000| PB 0x0000000714600000| Untracked |  0
|  90|0x0000000714800000, 0x0000000714800000, 0x0000000714a00000|  0%| F|  |TAMS 0x0000000714800000| PB 0x0000000714800000| Untracked |  0
|  91|0x0000000714a00000, 0x0000000714a00000, 0x0000000714c00000|  0%| F|  |TAMS 0x0000000714a00000| PB 0x0000000714a00000| Untracked |  0
|  92|0x0000000714c00000, 0x0000000714c00000, 0x0000000714e00000|  0%| F|  |TAMS 0x0000000714c00000| PB 0x0000000714c00000| Untracked |  0
|  93|0x0000000714e00000, 0x0000000714e00000, 0x0000000715000000|  0%| F|  |TAMS 0x0000000714e00000| PB 0x0000000714e00000| Untracked |  0
|  94|0x0000000715000000, 0x0000000715000000, 0x0000000715200000|  0%| F|  |TAMS 0x0000000715000000| PB 0x0000000715000000| Untracked |  0
|  95|0x0000000715200000, 0x0000000715200000, 0x0000000715400000|  0%| F|  |TAMS 0x0000000715200000| PB 0x0000000715200000| Untracked |  0
|  96|0x0000000715400000, 0x0000000715400000, 0x0000000715600000|  0%| F|  |TAMS 0x0000000715400000| PB 0x0000000715400000| Untracked |  0
|  97|0x0000000715600000, 0x0000000715600000, 0x0000000715800000|  0%| F|  |TAMS 0x0000000715600000| PB 0x0000000715600000| Untracked |  0
|  98|0x0000000715800000, 0x0000000715800000, 0x0000000715a00000|  0%| F|  |TAMS 0x0000000715800000| PB 0x0000000715800000| Untracked |  0
|  99|0x0000000715a00000, 0x0000000715a00000, 0x0000000715c00000|  0%| F|  |TAMS 0x0000000715a00000| PB 0x0000000715a00000| Untracked |  0
| 100|0x0000000715c00000, 0x0000000715c00000, 0x0000000715e00000|  0%| F|  |TAMS 0x0000000715c00000| PB 0x0000000715c00000| Untracked |  0
| 101|0x0000000715e00000, 0x0000000715e00000, 0x0000000716000000|  0%| F|  |TAMS 0x0000000715e00000| PB 0x0000000715e00000| Untracked |  0
| 102|0x0000000716000000, 0x0000000716000000, 0x0000000716200000|  0%| F|  |TAMS 0x0000000716000000| PB 0x0000000716000000| Untracked |  0
| 103|0x0000000716200000, 0x0000000716200000, 0x0000000716400000|  0%| F|  |TAMS 0x0000000716200000| PB 0x0000000716200000| Untracked |  0
| 104|0x0000000716400000, 0x0000000716400000, 0x0000000716600000|  0%| F|  |TAMS 0x0000000716400000| PB 0x0000000716400000| Untracked |  0
| 105|0x0000000716600000, 0x0000000716600000, 0x0000000716800000|  0%| F|  |TAMS 0x0000000716600000| PB 0x0000000716600000| Untracked |  0
| 106|0x0000000716800000, 0x0000000716800000, 0x0000000716a00000|  0%| F|  |TAMS 0x0000000716800000| PB 0x0000000716800000| Untracked |  0
| 107|0x0000000716a00000, 0x0000000716b554e0, 0x0000000716c00000| 66%| S|CS|TAMS 0x0000000716a00000| PB 0x0000000716a00000| Complete |  0
| 108|0x0000000716c00000, 0x0000000716e00000, 0x0000000716e00000|100%| S|CS|TAMS 0x0000000716c00000| PB 0x0000000716c00000| Complete |  0
| 109|0x0000000716e00000, 0x0000000716e00000, 0x0000000717000000|  0%| F|  |TAMS 0x0000000716e00000| PB 0x0000000716e00000| Untracked |  0
| 110|0x0000000717000000, 0x0000000717000000, 0x0000000717200000|  0%| F|  |TAMS 0x0000000717000000| PB 0x0000000717000000| Untracked |  0
| 111|0x0000000717200000, 0x0000000717200000, 0x0000000717400000|  0%| F|  |TAMS 0x0000000717200000| PB 0x0000000717200000| Untracked |  0
| 112|0x0000000717400000, 0x0000000717400000, 0x0000000717600000|  0%| F|  |TAMS 0x0000000717400000| PB 0x0000000717400000| Untracked |  0
| 113|0x0000000717600000, 0x0000000717600000, 0x0000000717800000|  0%| F|  |TAMS 0x0000000717600000| PB 0x0000000717600000| Untracked |  0
| 114|0x0000000717800000, 0x0000000717900e68, 0x0000000717a00000| 50%| E|  |TAMS 0x0000000717800000| PB 0x0000000717800000| Complete |  0
| 115|0x0000000717a00000, 0x0000000717c00000, 0x0000000717c00000|100%| E|CS|TAMS 0x0000000717a00000| PB 0x0000000717a00000| Complete |  0
| 116|0x0000000717c00000, 0x0000000717e00000, 0x0000000717e00000|100%| E|CS|TAMS 0x0000000717c00000| PB 0x0000000717c00000| Complete |  0
| 117|0x0000000717e00000, 0x0000000718000000, 0x0000000718000000|100%| E|  |TAMS 0x0000000717e00000| PB 0x0000000717e00000| Complete |  0
| 118|0x0000000718000000, 0x0000000718200000, 0x0000000718200000|100%| E|CS|TAMS 0x0000000718000000| PB 0x0000000718000000| Complete |  0
| 119|0x0000000718200000, 0x0000000718400000, 0x0000000718400000|100%| E|CS|TAMS 0x0000000718200000| PB 0x0000000718200000| Complete |  0
| 120|0x0000000718400000, 0x0000000718600000, 0x0000000718600000|100%| E|CS|TAMS 0x0000000718400000| PB 0x0000000718400000| Complete |  0
| 121|0x0000000718600000, 0x0000000718800000, 0x0000000718800000|100%| E|CS|TAMS 0x0000000718600000| PB 0x0000000718600000| Complete |  0
| 122|0x0000000718800000, 0x0000000718a00000, 0x0000000718a00000|100%| E|CS|TAMS 0x0000000718800000| PB 0x0000000718800000| Complete |  0
| 123|0x0000000718a00000, 0x0000000718c00000, 0x0000000718c00000|100%| E|CS|TAMS 0x0000000718a00000| PB 0x0000000718a00000| Complete |  0

Card table byte_map: [0x00000299c29e0000,0x00000299c31a0000] _byte_map_base: 0x00000299bf196000

Marking Bits: (CMBitMap*) 0x00000299aab58b10
 Bits: [0x00000299c31a0000, 0x00000299c6f50000)

Polling page: 0x00000299a8ad0000

Metaspace:

Usage:
  Non-class:     15.47 MB used.
      Class:      2.26 MB used.
       Both:     17.73 MB used.

Virtual space:
  Non-class space:       64.00 MB reserved,      15.69 MB ( 25%) committed,  1 nodes.
      Class space:        1.00 GB reserved,       2.44 MB ( <1%) committed,  1 nodes.
             Both:        1.06 GB reserved,      18.12 MB (  2%) committed. 

Chunk freelists:
   Non-Class:  15.58 MB
       Class:  13.59 MB
        Both:  29.17 MB

MaxMetaspaceSize: unlimited
CompressedClassSpaceSize: 1.00 GB
Initial GC threshold: 21.00 MB
Current GC threshold: 21.00 MB
CDS: on
 - commit_granule_bytes: 65536.
 - commit_granule_words: 8192.
 - virtual_space_node_default_size: 8388608.
 - enlarge_chunks_in_place: 1.
 - use_allocation_guard: 0.


Internal statistics:

num_allocs_failed_limit: 0.
num_arena_births: 440.
num_arena_deaths: 0.
num_vsnodes_births: 2.
num_vsnodes_deaths: 0.
num_space_committed: 290.
num_space_uncommitted: 0.
num_chunks_returned_to_freelist: 0.
num_chunks_taken_from_freelist: 1117.
num_chunk_merges: 0.
num_chunk_splits: 701.
num_chunks_enlarged: 439.
num_inconsistent_stats: 0.

CodeHeap 'non-profiled nmethods': size=120064Kb used=750Kb max_used=750Kb free=119314Kb
 bounds [0x00000299bace0000, 0x00000299baf50000, 0x00000299c2220000]
CodeHeap 'profiled nmethods': size=120000Kb used=3660Kb max_used=3660Kb free=116340Kb
 bounds [0x00000299b3220000, 0x00000299b35c0000, 0x00000299ba750000]
CodeHeap 'non-nmethods': size=5696Kb used=1454Kb max_used=1471Kb free=4241Kb
 bounds [0x00000299ba750000, 0x00000299ba9c0000, 0x00000299bace0000]
CodeCache: size=245760Kb, used=5864Kb, max_used=5881Kb, free=239895Kb
 total_blobs=3104, nmethods=2555, adapters=454, full_count=0
Compilation: enabled, stopped_count=0, restarted_count=0

Compilation events (20 events):
Event: 9.045 Thread 0x00000299c9598730 2497       3       java.lang.reflect.Constructor::getParameterTypes (26 bytes)
Event: 9.045 Thread 0x00000299c9598730 nmethod 2497 0x00000299b3596e08 code [0x00000299b3596f40, 0x00000299b3597228]
Event: 9.051 Thread 0x00000299c9598730 2498       3       java.lang.PublicMethods$Key::hashCode (19 bytes)
Event: 9.052 Thread 0x00000299c9598730 nmethod 2498 0x00000299b3597288 code [0x00000299b35973c0, 0x00000299b3597608]
Event: 9.052 Thread 0x00000299c9598730 2499       3       java.lang.Class::privateGetDeclaredMethods (64 bytes)
Event: 9.053 Thread 0x00000299c9598730 nmethod 2499 0x00000299b3597688 code [0x00000299b3597820, 0x00000299b3597fa0]
Event: 9.056 Thread 0x00000299c9598730 2500       3       java.lang.Class::getGenericInfo (52 bytes)
Event: 9.058 Thread 0x00000299c9598730 nmethod 2500 0x00000299b3598008 code [0x00000299b3598220, 0x00000299b3598fe0]
Event: 9.058 Thread 0x00000299c9598730 2501       3       java.util.TreeMap::successor (66 bytes)
Event: 9.058 Thread 0x00000299c9598730 nmethod 2501 0x00000299b3599088 code [0x00000299b35991c0, 0x00000299b35994f8]
Event: 9.065 Thread 0x00000299c9598730 2502       3       jdk.internal.org.objectweb.asm.AnnotationWriter::putAnnotations (110 bytes)
Event: 9.065 Thread 0x00000299c9598730 nmethod 2502 0x00000299b3599508 code [0x00000299b3599680, 0x00000299b3599aa8]
Event: 9.067 Thread 0x00000299c9598730 2503       3       org.springframework.core.annotation.PackagesAnnotationFilter::matches (42 bytes)
Event: 9.067 Thread 0x00000299c9598730 nmethod 2503 0x00000299b3599b08 code [0x00000299b3599c40, 0x00000299b3599f30]
Event: 9.067 Thread 0x00000299c9598730 2506       2       java.util.HashMap::getNode (150 bytes)
Event: 9.068 Thread 0x00000299c9598730 nmethod 2506 0x00000299b3599f88 code [0x00000299b359a100, 0x00000299b359a5c0]
Event: 9.068 Thread 0x00000299c9598730 2504       3       org.springframework.core.annotation.AnnotationFilter::matches (11 bytes)
Event: 9.068 Thread 0x00000299c9598730 nmethod 2504 0x00000299b359a608 code [0x00000299b359a740, 0x00000299b359aa08]
Event: 9.068 Thread 0x00000299c9598730 2505       1       org.springframework.core.annotation.AnnotationTypeMapping::getAttributes (5 bytes)
Event: 9.069 Thread 0x00000299c9598730 nmethod 2505 0x00000299bad99188 code [0x00000299bad992a0, 0x00000299bad99370]

GC Heap History (6 events):
Event: 2.697 GC heap before
{Heap before GC invocations=0 (full 0):
 garbage-first heap   total reserved 4042752K, committed 253952K, used 14336K [0x0000000709400000, 0x0000000800000000)
  region size 2048K, 7 young (14336K), 0 survivors (0K)
 Metaspace       used 2912K, committed 3136K, reserved 1114112K
  class space    used 285K, committed 384K, reserved 1048576K
}
Event: 2.745 GC heap after
{Heap after GC invocations=1 (full 0):
 garbage-first heap   total reserved 4042752K, committed 253952K, used 7171K [0x0000000709400000, 0x0000000800000000)
  region size 2048K, 1 young (2048K), 1 survivors (2048K)
 Metaspace       used 2912K, committed 3136K, reserved 1114112K
  class space    used 285K, committed 384K, reserved 1048576K
}
Event: 4.055 GC heap before
{Heap before GC invocations=1 (full 0):
 garbage-first heap   total reserved 4042752K, committed 253952K, used 17411K [0x0000000709400000, 0x0000000800000000)
  region size 2048K, 6 young (12288K), 1 survivors (2048K)
 Metaspace       used 5624K, committed 5824K, reserved 1114112K
  class space    used 670K, committed 768K, reserved 1048576K
}
Event: 4.060 GC heap after
{Heap after GC invocations=2 (full 0):
 garbage-first heap   total reserved 4042752K, committed 253952K, used 8632K [0x0000000709400000, 0x0000000800000000)
  region size 2048K, 1 young (2048K), 1 survivors (2048K)
 Metaspace       used 5624K, committed 5824K, reserved 1114112K
  class space    used 670K, committed 768K, reserved 1048576K
}
Event: 8.495 GC heap before
{Heap before GC invocations=2 (full 0):
 garbage-first heap   total reserved 4042752K, committed 253952K, used 35256K [0x0000000709400000, 0x0000000800000000)
  region size 2048K, 15 young (30720K), 1 survivors (2048K)
 Metaspace       used 12994K, committed 13376K, reserved 1114112K
  class space    used 1657K, committed 1792K, reserved 1048576K
}
Event: 8.502 GC heap after
{Heap after GC invocations=3 (full 0):
 garbage-first heap   total reserved 4042752K, committed 253952K, used 10830K [0x0000000709400000, 0x0000000800000000)
  region size 2048K, 2 young (4096K), 2 survivors (4096K)
 Metaspace       used 12994K, committed 13376K, reserved 1114112K
  class space    used 1657K, committed 1792K, reserved 1048576K
}

Dll operation events (12 events):
Event: 0.462 Loaded shared library C:\Users\Ognjen\.jdks\openjdk-23.0.1\bin\java.dll
Event: 0.681 Loaded shared library C:\Users\Ognjen\.jdks\openjdk-23.0.1\bin\jsvml.dll
Event: 1.112 Loaded shared library C:\Users\Ognjen\.jdks\openjdk-23.0.1\bin\zip.dll
Event: 1.118 Loaded shared library C:\Users\Ognjen\.jdks\openjdk-23.0.1\bin\instrument.dll
Event: 1.150 Loaded shared library C:\Users\Ognjen\.jdks\openjdk-23.0.1\bin\net.dll
Event: 1.159 Loaded shared library C:\Users\Ognjen\.jdks\openjdk-23.0.1\bin\nio.dll
Event: 1.176 Loaded shared library C:\Users\Ognjen\.jdks\openjdk-23.0.1\bin\zip.dll
Event: 1.627 Loaded shared library C:\Program Files\JetBrains\IntelliJ IDEA 2024.2.4\bin\breakgen64.dll
Event: 1.651 Loaded shared library C:\Users\Ognjen\.jdks\openjdk-23.0.1\bin\extnet.dll
Event: 1.718 Loaded shared library C:\Users\Ognjen\.jdks\openjdk-23.0.1\bin\jimage.dll
Event: 3.854 Loaded shared library C:\Users\Ognjen\.jdks\openjdk-23.0.1\bin\management.dll
Event: 3.865 Loaded shared library C:\Users\Ognjen\.jdks\openjdk-23.0.1\bin\management_ext.dll

Deoptimization events (20 events):
Event: 8.620 Thread 0x0000029a0fa6dbd0 Uncommon trap: trap_request=0xffffff45 fr.pc=0x00000299bad0335c relative=0x000000000000005c
Event: 8.620 Thread 0x0000029a0fa6dbd0 Uncommon trap: reason=unstable_if action=reinterpret pc=0x00000299bad0335c method=java.lang.AbstractStringBuilder.isLatin1()Z @ 10 c2
Event: 8.620 Thread 0x0000029a0fa6dbd0 DEOPT PACKING pc=0x00000299bad0335c sp=0x000000aaab2fda20
Event: 8.620 Thread 0x0000029a0fa6dbd0 DEOPT UNPACKING pc=0x00000299ba7a4402 sp=0x000000aaab2fd9b0 mode 2
Event: 8.621 Thread 0x0000029a0fa6dbd0 Uncommon trap: trap_request=0xffffff45 fr.pc=0x00000299bad8c79c relative=0x000000000000039c
Event: 8.621 Thread 0x0000029a0fa6dbd0 Uncommon trap: reason=unstable_if action=reinterpret pc=0x00000299bad8c79c method=sun.util.locale.BaseLocale.hashCode()I @ 159 c2
Event: 8.621 Thread 0x0000029a0fa6dbd0 DEOPT PACKING pc=0x00000299bad8c79c sp=0x000000aaab2fd220
Event: 8.621 Thread 0x0000029a0fa6dbd0 DEOPT UNPACKING pc=0x00000299ba7a4402 sp=0x000000aaab2fd1b0 mode 2
Event: 8.622 Thread 0x0000029a0fa6dbd0 Uncommon trap: trap_request=0xffffff45 fr.pc=0x00000299bad4c654 relative=0x0000000000000054
Event: 8.622 Thread 0x0000029a0fa6dbd0 Uncommon trap: reason=unstable_if action=reinterpret pc=0x00000299bad4c654 method=java.lang.CharacterData.of(I)Ljava/lang/CharacterData; @ 4 c2
Event: 8.622 Thread 0x0000029a0fa6dbd0 DEOPT PACKING pc=0x00000299bad4c654 sp=0x000000aaab2fd640
Event: 8.622 Thread 0x0000029a0fa6dbd0 DEOPT UNPACKING pc=0x00000299ba7a4402 sp=0x000000aaab2fd5d8 mode 2
Event: 8.956 Thread 0x0000029a0faaed60 Uncommon trap: trap_request=0xffffff45 fr.pc=0x00000299bad8a62c relative=0x000000000000076c
Event: 8.956 Thread 0x0000029a0faaed60 Uncommon trap: reason=unstable_if action=reinterpret pc=0x00000299bad8a62c method=java.util.ArrayList.grow(I)[Ljava/lang/Object; @ 17 c2
Event: 8.956 Thread 0x0000029a0faaed60 DEOPT PACKING pc=0x00000299bad8a62c sp=0x000000aaab1fe930
Event: 8.957 Thread 0x0000029a0faaed60 DEOPT UNPACKING pc=0x00000299ba7a4402 sp=0x000000aaab1fe7c8 mode 2
Event: 9.051 Thread 0x0000029a0faaed60 Uncommon trap: trap_request=0xffffffc6 fr.pc=0x00000299bad50294 relative=0x0000000000000394
Event: 9.051 Thread 0x0000029a0faaed60 Uncommon trap: reason=bimorphic_or_optimized_type_check action=maybe_recompile pc=0x00000299bad50294 method=java.util.HashMap.getNode(Ljava/lang/Object;)Ljava/util/HashMap$Node; @ 63 c2
Event: 9.051 Thread 0x0000029a0faaed60 DEOPT PACKING pc=0x00000299bad50294 sp=0x000000aaab1fdf40
Event: 9.051 Thread 0x0000029a0faaed60 DEOPT UNPACKING pc=0x00000299ba7a4402 sp=0x000000aaab1fdeb8 mode 2

Classes loaded (20 events):
Event: 8.884 Loading class sun/util/resources/Bundles$2
Event: 8.885 Loading class sun/util/resources/Bundles$2 done
Event: 9.036 Loading class java/util/concurrent/ExecutionException
Event: 9.036 Loading class java/util/concurrent/ExecutionException done
Event: 9.041 Loading class java/beans/IntrospectionException
Event: 9.041 Loading class java/beans/IntrospectionException done
Event: 9.041 Loading class java/beans/PropertyDescriptor
Event: 9.042 Loading class java/beans/PropertyDescriptor done
Event: 9.044 Loading class java/beans/BeanInfo
Event: 9.044 Loading class java/beans/BeanInfo done
Event: 9.053 Loading class java/beans/MethodRef
Event: 9.053 Loading class java/beans/MethodRef done
Event: 9.054 Loading class java/beans/SimpleBeanInfo
Event: 9.054 Loading class java/beans/SimpleBeanInfo done
Event: 9.055 Loading class com/sun/beans/TypeResolver
Event: 9.055 Loading class com/sun/beans/TypeResolver done
Event: 9.055 Loading class com/sun/beans/WeakCache
Event: 9.055 Loading class com/sun/beans/WeakCache done
Event: 9.056 Loading class com/sun/beans/WildcardTypeImpl
Event: 9.056 Loading class com/sun/beans/WildcardTypeImpl done

Classes unloaded (0 events):
No events

Classes redefined (0 events):
No events

Internal exceptions (20 events):
Event: 6.211 Thread 0x0000029a0faaed60 Exception <a 'java/lang/NoSuchMethodError'{0x0000000717d6f490}: 'int java.lang.invoke.Invokers$Holder.linkToTargetMethod(java.lang.Object, java.lang.Object)'> (0x0000000717d6f490) 
thrown [s\open\src\hotspot\share\interpreter\linkResolver.cpp, line 796]
Event: 6.441 Thread 0x0000029a0faaed60 Exception <a 'java/lang/NoSuchMethodError'{0x0000000717df6390}: 'java.lang.Object java.lang.invoke.DirectMethodHandle$Holder.invokeSpecial(java.lang.Object, java.lang.Object, java.lang.Object, int, java.lang.Object)'> (0x0000000717df6390) 
thrown [s\open\src\hotspot\share\interpreter\linkResolver.cpp, line 796]
Event: 6.447 Thread 0x0000029a0faaed60 Exception <a 'java/lang/NoSuchMethodError'{0x0000000717dfde98}: 'java.lang.Object java.lang.invoke.DirectMethodHandle$Holder.newInvokeSpecial(java.lang.Object, java.lang.Object, java.lang.Object, int, java.lang.Object)'> (0x0000000717dfde98) 
thrown [s\open\src\hotspot\share\interpreter\linkResolver.cpp, line 796]
Event: 6.454 Thread 0x0000029a0faaed60 Exception <a 'java/lang/NoSuchMethodError'{0x0000000717a05718}: 'java.lang.Object java.lang.invoke.Invokers$Holder.linkToTargetMethod(java.lang.Object, java.lang.Object, int, java.lang.Object, java.lang.Object)'> (0x0000000717a05718) 
thrown [s\open\src\hotspot\share\interpreter\linkResolver.cpp, line 796]
Event: 6.458 Thread 0x0000029a0faaed60 Exception <a 'java/lang/NoSuchMethodError'{0x0000000717a0dac0}: 'int java.lang.invoke.DirectMethodHandle$Holder.invokeStatic(java.lang.Object, int, java.lang.Object, java.lang.Object)'> (0x0000000717a0dac0) 
thrown [s\open\src\hotspot\share\interpreter\linkResolver.cpp, line 796]
Event: 6.460 Thread 0x0000029a0faaed60 Exception <a 'java/lang/NoSuchMethodError'{0x0000000717a14ab8}: 'java.lang.Object java.lang.invoke.DirectMethodHandle$Holder.newInvokeSpecial(java.lang.Object, int, java.lang.Object)'> (0x0000000717a14ab8) 
thrown [s\open\src\hotspot\share\interpreter\linkResolver.cpp, line 796]
Event: 6.461 Thread 0x0000029a0faaed60 Exception <a 'java/lang/NoSuchMethodError'{0x0000000717a19510}: 'int java.lang.invoke.DirectMethodHandle$Holder.invokeSpecialIFC(java.lang.Object, java.lang.Object, java.lang.Object, java.lang.Object)'> (0x0000000717a19510) 
thrown [s\open\src\hotspot\share\interpreter\linkResolver.cpp, line 796]
Event: 6.591 Thread 0x0000029a0faaed60 Exception <a 'java/lang/NoSuchMethodError'{0x0000000717ab9520}: 'void java.lang.invoke.DirectMethodHandle$Holder.invokeInterface(java.lang.Object, java.lang.Object, java.lang.Object)'> (0x0000000717ab9520) 
thrown [s\open\src\hotspot\share\interpreter\linkResolver.cpp, line 796]
Event: 6.645 Thread 0x0000029a0faaed60 Exception <a 'java/lang/NoSuchMethodError'{0x0000000717b523d0}: 'void java.lang.invoke.DirectMethodHandle$Holder.invokeStaticInit(java.lang.Object, java.lang.Object, java.lang.Object)'> (0x0000000717b523d0) 
thrown [s\open\src\hotspot\share\interpreter\linkResolver.cpp, line 796]
Event: 6.659 Thread 0x0000029a0faaed60 Exception <a 'java/lang/NoSuchMethodError'{0x0000000717b9b590}: 'java.lang.Object java.lang.invoke.DirectMethodHandle$Holder.invokeVirtual(java.lang.Object, java.lang.Object, java.lang.Object)'> (0x0000000717b9b590) 
thrown [s\open\src\hotspot\share\interpreter\linkResolver.cpp, line 796]
Event: 6.712 Thread 0x0000029a0faaed60 Exception <a 'java/lang/NoSuchMethodError'{0x0000000717842c00}: 'void java.lang.invoke.DirectMethodHandle$Holder.invokeVirtual(java.lang.Object, java.lang.Object, java.lang.Object, java.lang.Object)'> (0x0000000717842c00) 
thrown [s\open\src\hotspot\share\interpreter\linkResolver.cpp, line 796]
Event: 7.157 Thread 0x0000029a0faaed60 Exception <a 'java/lang/NoSuchMethodError'{0x00000007177b5be0}: 'java.lang.reflect.Field[] java.lang.Class.getDeclaredFields(java.lang.Class)'> (0x00000007177b5be0) 
thrown [s\open\src\hotspot\share\interpreter\linkResolver.cpp, line 796]
Event: 7.159 Thread 0x0000029a0faaed60 Exception <a 'java/lang/NoSuchMethodError'{0x00000007177ba5f0}: 'java.lang.Object java.lang.invoke.DirectMethodHandle$Holder.invokeStatic(java.lang.Object, java.lang.Object, int)'> (0x00000007177ba5f0) 
thrown [s\open\src\hotspot\share\interpreter\linkResolver.cpp, line 796]
Event: 7.160 Thread 0x0000029a0faaed60 Exception <a 'java/lang/NoSuchMethodError'{0x00000007177c5520}: 'void java.lang.invoke.DelegatingMethodHandle$Holder.delegate(java.lang.Object, java.lang.Object, int, java.lang.Object)'> (0x00000007177c5520) 
thrown [s\open\src\hotspot\share\interpreter\linkResolver.cpp, line 796]
Event: 7.185 Thread 0x0000029a0faaed60 Exception <a 'java/lang/IncompatibleClassChangeError'{0x00000007174bcda0}: Found class java.lang.Object, but interface was expected> (0x00000007174bcda0) 
thrown [s\open\src\hotspot\share\interpreter\linkResolver.cpp, line 863]
Event: 9.001 Thread 0x0000029a0fa6dbd0 Exception <a 'java/lang/NoSuchMethodError'{0x0000000717e16e60}: 'long java.lang.invoke.DirectMethodHandle$Holder.invokeSpecial(java.lang.Object, java.lang.Object)'> (0x0000000717e16e60) 
thrown [s\open\src\hotspot\share\interpreter\linkResolver.cpp, line 796]
Event: 9.004 Thread 0x0000029a0fa6dbd0 Exception <a 'java/lang/NoSuchMethodError'{0x0000000717e20be8}: 'long java.lang.invoke.DirectMethodHandle$Holder.invokeStatic(java.lang.Object, java.lang.Object)'> (0x0000000717e20be8) 
thrown [s\open\src\hotspot\share\interpreter\linkResolver.cpp, line 796]
Event: 9.004 Thread 0x0000029a0fa6dbd0 Exception <a 'java/lang/NoSuchMethodError'{0x0000000717e6c950}: 'long java.lang.invoke.DirectMethodHandle$Holder.invokeStaticInit(java.lang.Object, java.lang.Object)'> (0x0000000717e6c950) 
thrown [s\open\src\hotspot\share\interpreter\linkResolver.cpp, line 796]
Event: 9.006 Thread 0x0000029a0fa6dbd0 Exception <a 'java/lang/NoSuchMethodError'{0x0000000717e78b50}: 'long java.lang.invoke.DirectMethodHandle$Holder.invokeInterface(java.lang.Object, java.lang.Object)'> (0x0000000717e78b50) 
thrown [s\open\src\hotspot\share\interpreter\linkResolver.cpp, line 796]
Event: 9.007 Thread 0x0000029a0fa6dbd0 Exception <a 'java/lang/IncompatibleClassChangeError'{0x0000000717e7bb78}: Found class java.lang.Object, but interface was expected> (0x0000000717e7bb78) 
thrown [s\open\src\hotspot\share\interpreter\linkResolver.cpp, line 863]

VM Operations (20 events):
Event: 2.697 Executing VM operation: G1CollectForAllocation (G1 Evacuation Pause)
Event: 2.745 Executing VM operation: G1CollectForAllocation (G1 Evacuation Pause) done
Event: 3.843 Executing VM operation: HandshakeAllThreads (Deoptimize)
Event: 3.843 Executing VM operation: HandshakeAllThreads (Deoptimize) done
Event: 4.055 Executing VM operation: G1CollectForAllocation (G1 Evacuation Pause)
Event: 4.060 Executing VM operation: G1CollectForAllocation (G1 Evacuation Pause) done
Event: 7.056 Executing VM operation: HandshakeAllThreads (Deoptimize)
Event: 7.056 Executing VM operation: HandshakeAllThreads (Deoptimize) done
Event: 7.061 Executing VM operation: HandshakeAllThreads (Deoptimize)
Event: 7.061 Executing VM operation: HandshakeAllThreads (Deoptimize) done
Event: 7.061 Executing VM operation: HandshakeAllThreads (Deoptimize)
Event: 7.061 Executing VM operation: HandshakeAllThreads (Deoptimize) done
Event: 7.158 Executing VM operation: HandshakeAllThreads (Deoptimize)
Event: 7.158 Executing VM operation: HandshakeAllThreads (Deoptimize) done
Event: 8.494 Executing VM operation: G1CollectForAllocation (G1 Evacuation Pause)
Event: 8.503 Executing VM operation: G1CollectForAllocation (G1 Evacuation Pause) done
Event: 8.622 Executing VM operation: HandshakeAllThreads (Deoptimize)
Event: 8.622 Executing VM operation: HandshakeAllThreads (Deoptimize) done
Event: 8.989 Executing VM operation: HandshakeAllThreads (Deoptimize)
Event: 8.989 Executing VM operation: HandshakeAllThreads (Deoptimize) done

Memory protections (0 events):
No events

Nmethod flushes (0 events):
No events

Events (20 events):
Event: 0.675 Thread 0x00000299a88e0750 Thread added: 0x00000299c952e000
Event: 0.677 Thread 0x00000299a88e0750 Thread added: 0x00000299c9530ee0
Event: 0.677 Thread 0x00000299a88e0750 Thread added: 0x00000299c9531db0
Event: 0.677 Thread 0x00000299a88e0750 Thread added: 0x00000299c9533820
Event: 0.677 Thread 0x00000299a88e0750 Thread added: 0x00000299c9534280
Event: 0.678 Thread 0x00000299a88e0750 Thread added: 0x00000299c9534ce0
Event: 0.678 Thread 0x00000299a88e0750 Thread added: 0x00000299c9535a70
Event: 0.686 Thread 0x00000299a88e0750 Thread added: 0x00000299c9598730
Event: 1.023 Thread 0x00000299a88e0750 Thread added: 0x00000299c964c3b0
Event: 1.423 Thread 0x00000299c9535a70 Thread added: 0x00000299c9866cd0
Event: 1.629 Thread 0x00000299a88e0750 Thread added: 0x0000029a0f25a310
Event: 1.629 Thread 0x00000299a88e0750 Thread added: 0x0000029a0f25bda0
Event: 2.078 Thread 0x00000299c9866cd0 Thread exited: 0x00000299c9866cd0
Event: 2.826 Thread 0x00000299c9535a70 Thread added: 0x0000029a0f429c90
Event: 2.989 Thread 0x0000029a0f429c90 Thread exited: 0x0000029a0f429c90
Event: 4.124 Thread 0x00000299a88e0750 Thread added: 0x0000029a0f617480
Event: 4.142 Thread 0x0000029a0f617480 Thread added: 0x0000029a0faaed60
Event: 6.688 Thread 0x00000299c9598730 Thread added: 0x0000029a0fc86780
Event: 6.962 Thread 0x0000029a0fc86780 Thread exited: 0x0000029a0fc86780
Event: 7.142 Thread 0x0000029a0faaed60 Thread added: 0x0000029a0fa6dbd0


Dynamic libraries:
0x00007ff79deb0000 - 0x00007ff79debe000 	C:\Users\Ognjen\.jdks\openjdk-23.0.1\bin\java.exe
0x00007ffa372d0000 - 0x00007ffa374c8000 	C:\Windows\SYSTEM32\ntdll.dll
0x00007ffa362c0000 - 0x00007ffa36382000 	C:\Windows\System32\KERNEL32.DLL
0x00007ffa34c40000 - 0x00007ffa34f36000 	C:\Windows\System32\KERNELBASE.dll
0x00007ffa35130000 - 0x00007ffa35230000 	C:\Windows\System32\ucrtbase.dll
0x00007ffa05510000 - 0x00007ffa0552b000 	C:\Users\Ognjen\.jdks\openjdk-23.0.1\bin\VCRUNTIME140.dll
0x00007ffa08ee0000 - 0x00007ffa08ef7000 	C:\Users\Ognjen\.jdks\openjdk-23.0.1\bin\jli.dll
0x00007ffa35860000 - 0x00007ffa35a01000 	C:\Windows\System32\USER32.dll
0x00007ffa34fe0000 - 0x00007ffa35002000 	C:\Windows\System32\win32u.dll
0x00007ffa2a410000 - 0x00007ffa2a6ab000 	C:\Windows\WinSxS\amd64_microsoft.windows.common-controls_6595b64144ccf1df_6.0.19041.6456_none_60b8a6cb71f64256\COMCTL32.dll
0x00007ffa368c0000 - 0x00007ffa3695e000 	C:\Windows\System32\msvcrt.dll
0x00007ffa36480000 - 0x00007ffa364ab000 	C:\Windows\System32\GDI32.dll
0x00007ffa35010000 - 0x00007ffa35129000 	C:\Windows\System32\gdi32full.dll
0x00007ffa34f40000 - 0x00007ffa34fdd000 	C:\Windows\System32\msvcp_win.dll
0x00007ffa364b0000 - 0x00007ffa364df000 	C:\Windows\System32\IMM32.DLL
0x00007ffa26b60000 - 0x00007ffa26b6c000 	C:\Users\Ognjen\.jdks\openjdk-23.0.1\bin\vcruntime140_1.dll
0x00007ff9f3e50000 - 0x00007ff9f3ede000 	C:\Users\Ognjen\.jdks\openjdk-23.0.1\bin\msvcp140.dll
0x00007ff9c75d0000 - 0x00007ff9c831f000 	C:\Users\Ognjen\.jdks\openjdk-23.0.1\bin\server\jvm.dll
0x00007ffa35350000 - 0x00007ffa35401000 	C:\Windows\System32\ADVAPI32.dll
0x00007ffa36180000 - 0x00007ffa3621f000 	C:\Windows\System32\sechost.dll
0x00007ffa36960000 - 0x00007ffa36a80000 	C:\Windows\System32\RPCRT4.dll
0x00007ffa352c0000 - 0x00007ffa352e7000 	C:\Windows\System32\bcrypt.dll
0x00007ffa36c60000 - 0x00007ffa36ccb000 	C:\Windows\System32\WS2_32.dll
0x00007ffa347c0000 - 0x00007ffa3480b000 	C:\Windows\SYSTEM32\POWRPROF.dll
0x00007ffa1f580000 - 0x00007ffa1f5a7000 	C:\Windows\SYSTEM32\WINMM.dll
0x00007ffa2b2e0000 - 0x00007ffa2b2ea000 	C:\Windows\SYSTEM32\VERSION.dll
0x00007ffa347a0000 - 0x00007ffa347b2000 	C:\Windows\SYSTEM32\UMPDC.dll
0x00007ffa33130000 - 0x00007ffa33142000 	C:\Windows\SYSTEM32\kernel.appcore.dll
0x00007ffa0ecf0000 - 0x00007ffa0ecfa000 	C:\Users\Ognjen\.jdks\openjdk-23.0.1\bin\jimage.dll
0x00007ffa2f4d0000 - 0x00007ffa2f6d1000 	C:\Windows\SYSTEM32\DBGHELP.DLL
0x00007ffa208c0000 - 0x00007ffa208f4000 	C:\Windows\SYSTEM32\dbgcore.DLL
0x00007ffa35230000 - 0x00007ffa352b2000 	C:\Windows\System32\bcryptPrimitives.dll
0x00007ffa00680000 - 0x00007ffa0068f000 	C:\Users\Ognjen\.jdks\openjdk-23.0.1\bin\instrument.dll
0x00007ff9f6660000 - 0x00007ff9f667e000 	C:\Users\Ognjen\.jdks\openjdk-23.0.1\bin\java.dll
0x00007ffa36b30000 - 0x00007ffa36c5b000 	C:\Windows\System32\ole32.dll
0x00007ffa364e0000 - 0x00007ffa36834000 	C:\Windows\System32\combase.dll
0x00007ffa35a10000 - 0x00007ffa36180000 	C:\Windows\System32\SHELL32.dll
0x00007ffa32940000 - 0x00007ffa330e5000 	C:\Windows\SYSTEM32\windows.storage.dll
0x00007ffa341d0000 - 0x00007ffa341fb000 	C:\Windows\SYSTEM32\Wldp.dll
0x00007ffa35410000 - 0x00007ffa354dd000 	C:\Windows\System32\OLEAUT32.dll
0x00007ffa357b0000 - 0x00007ffa3585d000 	C:\Windows\System32\SHCORE.dll
0x00007ffa37230000 - 0x00007ffa3728b000 	C:\Windows\System32\shlwapi.dll
0x00007ffa34890000 - 0x00007ffa348b4000 	C:\Windows\SYSTEM32\profapi.dll
0x00007ff9ef8f0000 - 0x00007ff9ef9c7000 	C:\Users\Ognjen\.jdks\openjdk-23.0.1\bin\jsvml.dll
0x00007ff9f4e60000 - 0x00007ff9f4e77000 	C:\Users\Ognjen\.jdks\openjdk-23.0.1\bin\zip.dll
0x00007ffa00670000 - 0x00007ffa00680000 	C:\Users\Ognjen\.jdks\openjdk-23.0.1\bin\net.dll
0x00007ffa33fb0000 - 0x00007ffa3401a000 	C:\Windows\system32\mswsock.dll
0x00007ff9f4e40000 - 0x00007ff9f4e56000 	C:\Users\Ognjen\.jdks\openjdk-23.0.1\bin\nio.dll
0x00007ff9f46c0000 - 0x00007ff9f46da000 	C:\Program Files\JetBrains\IntelliJ IDEA 2024.2.4\bin\breakgen64.dll
0x00007ffa005a0000 - 0x00007ffa005a9000 	C:\Users\Ognjen\.jdks\openjdk-23.0.1\bin\extnet.dll
0x00007ffa00320000 - 0x00007ffa0032a000 	C:\Users\Ognjen\.jdks\openjdk-23.0.1\bin\management.dll
0x00007ff9fff50000 - 0x00007ff9fff5b000 	C:\Users\Ognjen\.jdks\openjdk-23.0.1\bin\management_ext.dll
0x00007ffa36220000 - 0x00007ffa36228000 	C:\Windows\System32\PSAPI.DLL

dbghelp: loaded successfully - version: 4.0.5 - missing functions: none
symbol engine: initialized successfully - sym options: 0x614 - pdb path: .;C:\Users\Ognjen\.jdks\openjdk-23.0.1\bin;C:\Windows\SYSTEM32;C:\Windows\WinSxS\amd64_microsoft.windows.common-controls_6595b64144ccf1df_6.0.19041.6456_none_60b8a6cb71f64256;C:\Users\Ognjen\.jdks\openjdk-23.0.1\bin\server;C:\Program Files\JetBrains\IntelliJ IDEA 2024.2.4\bin

VM Arguments:
jvm_args: -javaagent:C:\Program Files\JetBrains\IntelliJ IDEA 2024.2.4\lib\idea_rt.jar=59252:C:\Program Files\JetBrains\IntelliJ IDEA 2024.2.4\bin -Dfile.encoding=UTF-8 -Dsun.stdout.encoding=UTF-8 -Dsun.stderr.encoding=UTF-8 
java_command: com.example.Bank.BankApplication
java_class_path (initial): D:\GitHub\sep-app-2025\Bank\Bank\target\classes;C:\Users\Ognjen\.m2\repository\org\springframework\boot\spring-boot-starter-data-jpa\4.0.0\spring-boot-starter-data-jpa-4.0.0.jar;C:\Users\Ognjen\.m2\repository\org\springframework\boot\spring-boot-starter\4.0.0\spring-boot-starter-4.0.0.jar;C:\Users\Ognjen\.m2\repository\org\springframework\boot\spring-boot-starter-logging\4.0.0\spring-boot-starter-logging-4.0.0.jar;C:\Users\Ognjen\.m2\repository\ch\qos\logback\logback-classic\1.5.21\logback-classic-1.5.21.jar;C:\Users\Ognjen\.m2\repository\ch\qos\logback\logback-core\1.5.21\logback-core-1.5.21.jar;C:\Users\Ognjen\.m2\repository\org\apache\logging\log4j\log4j-to-slf4j\2.25.2\log4j-to-slf4j-2.25.2.jar;C:\Users\Ognjen\.m2\repository\org\apache\logging\log4j\log4j-api\2.25.2\log4j-api-2.25.2.jar;C:\Users\Ognjen\.m2\repository\org\slf4j\jul-to-slf4j\2.0.17\jul-to-slf4j-2.0.17.jar;C:\Users\Ognjen\.m2\repository\jakarta\annotation\jakarta.annotation-api\3.0.0\jakarta.annotation-api-3.0.0.jar;C:\Users\Ognjen\.m2\repository\org\yaml\snakeyaml\2.5\snakeyaml-2.5.jar;C:\Users\Ognjen\.m2\repository\org\springframework\boot\spring-boot-starter-jdbc\4.0.0\spring-boot-starter-jdbc-4.0.0.jar;C:\Users\Ognjen\.m2\repository\com\zaxxer\HikariCP\7.0.2\HikariCP-7.0.2.jar;C:\Users\Ognjen\.m2\repository\org\slf4j\slf4j-api\2.0.17\slf4j-api-2.0.17.jar;C:\Users\Ognjen\.m2\repository\org\springframework\boot\spring-boot-data-jpa\4.0.0\spring-boot-data-jpa-4.0.0.jar;C:\Users\Ognjen\.m2\repository\org\springframework\boot\spring-boot-data-commons\4.0.0\spring-boot-data-commons-4.0.0.jar;C:\Users\Ognjen\.m2\repository\org\springframework\boot\spring-boot-persistence\4.0.0\spring-boot-persistence-4.0.0.jar;C:\Users\Ognjen\.m2\repository\org\springframework\data\spring-data-commons\4.0.0\spring-data-commons-4.0.0.jar;C:\Users\Ognjen\.m2\repository\org\springframework\boot\spring-boot-hibernate\4.0.0\spring-boot-hibernate-4.0.0.jar;C:\Users\Ognjen\.m2\repository\org\springframework\boot\spring-boot-jpa\4.0.0\spring-boot-jpa-4.0.0.jar;C:\Users\Ognjen\.m2\repository\jakarta\persistence\jakarta.persistence-api\3.2.0\jakarta.persistence-api-3.2.0.jar;C:\Users\Ognjen\.m2\repository\org\hibernate\orm\hibernate-core\7.1.8.Final\hibernate-core-7.1.8.Final.jar;C:\Users\Ognjen\.m2\repository\jakarta\transaction\jakarta.transaction-api\2.0.1\jakarta.transaction-api-2.0.1.jar;C:\Users\Ognjen\.m2\repository\org\hibernate\models\hibernate-models\1.0.1\hibernate-models-1.0.1.jar;C:\Users\Ognjen\.m2\repository\org\glassfish\jaxb\jaxb-runtime\4.0.6\jaxb-runtime-4.0.6.jar;C:\Users\Ognjen\.m2\repository\org\glassfish\jaxb\jaxb-core\4.0.6\jaxb-core-4.0.6.jar;C:\Users\Ognjen\.m2\repository\org\eclipse\angus\angus-activation\2.0.3\angus-activation-2.0.3.jar;C:\Users\Ognjen\.m2\repository\org\glassfish\jaxb\txw2\4.0.6\txw2-4.0.6.jar;C:\Users\Ognjen\.m2\repository\com\sun\istack\istack-commons-runtime\4.1.2\istack-commons-runtime-4.1.2.jar;C:\Users\Ognjen\.m2\repository\jakarta\inject\jakarta.inject-api\2.0.1\jakarta.inject-api-2.0.1.jar;C:\Users\Ognjen\.m2\repository\org\springframework\spring-orm\7.0.1\spring-orm-7.0.1.jar;C:\Users\Ognjen\.m2\repository\org\springframework\data\spring-data-jpa\4.0.0\spring-data-jpa-4.0.0.jar;C:\Users\Ognjen\.m2\repository\org\springframework\spring-tx\7.0.1\spring-tx-7.0.1.jar;C:\Users\Ognjen\.m2\repository\org\antlr\antlr4-runtime\4.13.2\antlr4-runtime-4.13.2.jar;C:\Users\Ognjen\.m2\repository\org\springframework\spring-aspects\7.0.1\spring-aspects-7.0.1.jar;C:\Users\Ognjen\.m2\repository\org\aspectj\aspectjweaver\1.9.25\aspectjweaver-1.9.25.jar;C:\Users\Ognjen\.m2\repository\org\springframework\boot\spring-boot-jdbc\4.0.0\spring-boot-jdbc-4.0.0.jar;C:\Users\Ognjen\.m2\repository\org\springframework\boot\spring-boot-sql\4.0.0\spring-boot-sql-4.0.0.jar;C:\Users\Ognjen\.m2\repository\org\springframework\boot\spring-boot-transaction\4.0.0\spring-boot-transaction-4.0.0.jar;C:\Users\Ognjen\.m2\repository\org\springframework\spring-jdbc\7.0.1\spring-jdbc-7.0.1.jar;C:\Users\Ognjen\.m2\repository\org\springframework\boot\spring-boot-starter-restclient\4.0.0\spring-boot-starter-restclient-4.0.0.jar;C:\Users\Ognjen\.m2\repository\org\springframework\boot\spring-boot-starter-jackson\4.0.0\spring-boot-starter-jackson-4.0.0.jar;C:\Users\Ognjen\.m2\repository\org\springframework\boot\spring-boot-jackson\4.0.0\spring-boot-jackson-4.0.0.jar;C:\Users\Ognjen\.m2\repository\tools\jackson\core\jackson-databind\3.0.2\jackson-databind-3.0.2.jar;C:\Users\Ognjen\.m2\repository\tools\jackson\core\jackson-core\3.0.2\jackson-core-3.0.2.jar;C:\Users\Ognjen\.m2\repository\org\springframework\boot\spring-boot-restclient\4.0.0\spring-boot-restclient-4.0.0.jar;C:\Users\Ognjen\.m2\repository\org\springframework\boot\spring-boot-http-client\4.0.0\spring-boot-http-client-4.0.0.jar;C:\Users\Ognjen\.m2\repository\org\springframework\boot\spring-boot-starter-security\4.0.0\spring-boot-starter-security-4.0.0.jar;C:\Users\Ognjen\.m2\repository\org\springframework\boot\spring-boot-security\4.0.0\spring-boot-security-4.0.0.jar;C:\Users\Ognjen\.m2\repository\org\springframework\security\spring-security-config\7.0.0\spring-security-config-7.0.0.jar;C:\Users\Ognjen\.m2\repository\org\springframework\security\spring-security-core\7.0.0\spring-security-core-7.0.0.jar;C:\Users\Ognjen\.m2\repository\org\springframework\security\spring-security-crypto\7.0.0\spring-security-crypto-7.0.0.jar;C:\Users\Ognjen\.m2\repository\org\springframework\security\spring-security-web\7.0.0\spring-security-web-7.0.0.jar;C:\Users\Ognjen\.m2\repository\org\springframework\spring-expression\7.0.1\spring-expression-7.0.1.jar;C:\Users\Ognjen\.m2\repository\org\springframework\spring-aop\7.0.1\spring-aop-7.0.1.jar;C:\Users\Ognjen\.m2\repository\org\springframework\spring-beans\7.0.1\spring-beans-7.0.1.jar;C:\Users\Ognjen\.m2\repository\org\springframework\spring-core\7.0.1\spring-core-7.0.1.jar;C:\Users\Ognjen\.m2\repository\commons-logging\commons-logging\1.3.5\commons-logging-1.3.5.jar;C:\Users\Ognjen\.m2\repository\org\jspecify\jspecify\1.0.0\jspecify-1.0.0.jar;C:\Users\Ognjen\.m2\repository\org\springframework\boot\spring-boot-starter-validation\4.0.0\spring-boot-starter-validation-4.0.0.jar;C:\Users\Ognjen\.m2\repository\org\springframework\boot\spring-boot-validation\4.0.0\spring-boot-validation-4.0.0.jar;C:\Users\Ognjen\.m2\repository\org\apache\tomcat\embed\tomcat-embed-el\11.0.14\tomcat-embed-el-11.0.14.jar;C:\Users\Ognjen\.m2\repository\org\hibernate\validator\hibernate-validator\9.0.1.Final\hibernate-validator-9.0.1.Final.jar;C:\Users\Ognjen\.m2\repository\jakarta\validation\jakarta.validation-api\3.1.1\jakarta.validation-api-3.1.1.jar;C:\Users\Ognjen\.m2\repository\org\jboss\logging\jboss-logging\3.6.1.Final\jboss-logging-3.6.1.Final.jar;C:\Users\Ognjen\.m2\repository\com\fasterxml\classmate\1.7.1\classmate-1.7.1.jar;C:\Users\Ognjen\.m2\repository\org\springframework\boot\spring-boot-starter-webmvc\4.0.0\spring-boot-starter-webmvc-4.0.0.jar;C:\Users\Ognjen\.m2\repository\org\springframework\boot\spring-boot-starter-tomcat\4.0.0\spring-boot-starter-tomcat-4.0.0.jar;C:\Users\Ognjen\.m2\repository\org\springframework\boot\spring-boot-starter-tomcat-runtime\4.0.0\spring-boot-starter-tomcat-runtime-4.0.0.jar;C:\Users\Ognjen\.m2\repository\org\apache\tomcat\embed\tomcat-embed-core\11.0.14\tomcat-embed-core-11.0.14.jar;C:\Users\Ognjen\.m2\repository\org\apache\tomcat\embed\tomcat-embed-websocket\11.0.14\tomcat-embed-websocket-11.0.14.jar;C:\Users\Ognjen\.m2\repository\org\springframework\boot\spring-boot-tomcat\4.0.0\spring-boot-tomcat-4.0.0.jar;C:\Users\Ognjen\.m2\repository\org\springframework\boot\spring-boot-http-converter\4.0.0\spring-boot-http-converter-4.0.0.jar;C:\Users\Ognjen\.m2\repository\org\springframework\spring-web\7.0.1\spring-web-7.0.1.jar;C:\Users\Ognjen\.m2\repository\io\micrometer\micrometer-observation\1.16.0\micrometer-observation-1.16.0.jar;C:\Users\Ognjen\.m2\repository\io\micrometer\micrometer-commons\1.16.0\micrometer-commons-1.16.0.jar;C:\Users\Ognjen\.m2\repository\org\springframework\boot\spring-boot-webmvc\4.0.0\spring-boot-webmvc-4.0.0.jar;C:\Users\Ognjen\.m2\repository\org\springframework\boot\spring-boot-servlet\4.0.0\spring-boot-servlet-4.0.0.jar;C:\Users\Ognjen\.m2\repository\org\springframework\spring-webmvc\7.0.1\spring-webmvc-7.0.1.jar;C:\Users\Ognjen\.m2\repository\org\springframework\boot\spring-boot-starter-websocket\4.0.0\spring-boot-starter-websocket-4.0.0.jar;C:\Users\Ognjen\.m2\repository\org\springframework\boot\spring-boot-websocket\4.0.0\spring-boot-websocket-4.0.0.jar;C:\Users\Ognjen\.m2\repository\org\springframework\spring-messaging\7.0.1\spring-messaging-7.0.1.jar;C:\Users\Ognjen\.m2\repository\org\springframework\spring-websocket\7.0.1\spring-websocket-7.0.1.jar;C:\Users\Ognjen\.m2\repository\org\springframework\boot\spring-boot-devtools\4.0.0\spring-boot-devtools-4.0.0.jar;C:\Users\Ognjen\.m2\repository\org\springframework\boot\spring-boot\4.0.0\spring-boot-4.0.0.jar;C:\Users\Ognjen\.m2\repository\org\springframework\spring-context\7.0.1\spring-context-7.0.1.jar;C:\Users\Ognjen\.m2\repository\org\springframework\boot\spring-boot-autoconfigure\4.0.0\spring-boot-autoconfigure-4.0.0.jar;C:\Users\Ognjen\.m2\repository\org\postgresql\postgresql\42.7.8\postgresql-42.7.8.jar;C:\Users\Ognjen\.m2\repository\org\checkerframework\checker-qual\3.49.5\checker-qual-3.49.5.jar;C:\Users\Ognjen\.m2\repository\org\projectlombok\lombok\1.18.42\lombok-1.18.42.jar;C:\Users\Ognjen\.m2\repository\org\modelmapper\modelmapper\3.1.1\modelmapper-3.1.1.jar;C:\Users\Ognjen\.m2\repository\io\jsonwebtoken\jjwt-api\0.12.3\jjwt-api-0.12.3.jar;C:\Users\Ognjen\.m2\repository\io\jsonwebtoken\jjwt-impl\0.12.3\jjwt-impl-0.12.3.jar;C:\Users\Ognjen\.m2\repository\io\jsonwebtoken\jjwt-jackson\0.12.3\jjwt-jackson-0.12.3.jar;C:\Users\Ognjen\.m2\repository\com\fasterxml\jackson\core\jackson-databind\2.20.1\jackson-databind-2.20.1.jar;C:\Users\Ognjen\.m2\repository\com\fasterxml\jackson\core\jackson-annotations\2.20\jackson-annotations-2.20.jar;C:\Users\Ognjen\.m2\repository\com\fasterxml\jackson\core\jackson-core\2.20.1\jackson-core-2.20.1.jar;C:\Users\Ognjen\.m2\repository\jakarta\xml\bind\jakarta.xml.bind-api\4.0.4\jakarta.xml.bind-api-4.0.4.jar;C:\Users\Ognjen\.m2\repository\jakarta\activation\jakarta.activation-api\2.1.4\jakarta.activation-api-2.1.4.jar;C:\Users\Ognjen\.m2\repository\net\bytebuddy\byte-buddy\1.17.8\byte-buddy-1.17.8.jar;C:\Users\Ognjen\.m2\repository\org\springframework\boot\spring-boot-web-server\4.0.0\spring-boot-web-server-4.0.0.jar
Launcher Type: SUN_STANDARD

[Global flags]
     intx CICompilerCount                          = 3                                         {product} {ergonomic}
     uint ConcGCThreads                            = 1                                         {product} {ergonomic}
     uint G1ConcRefinementThreads                  = 4                                         {product} {ergonomic}
   size_t G1HeapRegionSize                         = 2097152                                   {product} {ergonomic}
   size_t InitialHeapSize                          = 260046848                                 {product} {ergonomic}
   size_t MarkStackSize                            = 4194304                                   {product} {ergonomic}
   size_t MarkStackSizeMax                         = 536870912                                 {product} {ergonomic}
   size_t MaxHeapSize                              = 4139778048                                {product} {ergonomic}
   size_t MaxNewSize                               = 2483027968                                {product} {ergonomic}
   size_t MinHeapDeltaBytes                        = 2097152                                   {product} {ergonomic}
   size_t MinHeapSize                              = 8388608                                   {product} {ergonomic}
    uintx NonNMethodCodeHeapSize                   = 5832704                                {pd product} {ergonomic}
    uintx NonProfiledCodeHeapSize                  = 122945536                              {pd product} {ergonomic}
    uintx ProfiledCodeHeapSize                     = 122880000                              {pd product} {ergonomic}
    uintx ReservedCodeCacheSize                    = 251658240                              {pd product} {ergonomic}
     bool SegmentedCodeCache                       = true                                      {product} {ergonomic}
   size_t SoftMaxHeapSize                          = 4139778048                             {manageable} {ergonomic}
     bool UseCompressedOops                        = true                           {product lp64_product} {ergonomic}
     bool UseG1GC                                  = true                                      {product} {ergonomic}
     bool UseLargePagesIndividualAllocation        = false                                  {pd product} {ergonomic}

Logging:
Log output configuration:
 #0: stdout all=warning uptime,level,tags foldmultilines=false
 #1: stderr all=off uptime,level,tags foldmultilines=false

Environment Variables:
PATH=C:\Windows\system32;C:\Windows;C:\Windows\System32\Wbem;C:\Windows\System32\WindowsPowerShell\v1.0\;C:\Windows\System32\OpenSSH\;C:\Program Files\dotnet\;C:\Program Files (x86)\Windows Kits\10\Windows Performance Toolkit\;C:\Program Files\Microsoft SQL Server\150\Tools\Binn\;C:\Program Files\Microsoft SQL Server\Client SDK\ODBC\170\Tools\Binn\;C:\Users\Ognjen\AppData\Roaming\nvm;C:\Program Files\nodejs;C:\Program Files\nodejs\;C:\Program Files\Erlang OTP\bin;C:\Program Files\RabbitMQ Server\rabbitmq_server-4.0.5\sbin;C:\protoc\bin;C:\Program Files\Go\bin;C:\Program Files\Git\cmd;D:\OpenSSL-Win64\bin;D:\kursor\cursor\resources\app\bin;C:\Users\Ognjen\AppData\Local\Programs\Python\Python311\Scripts\;C:\Users\Ognjen\AppData\Local\Programs\Python\Python311\;C:\Users\Ognjen\AppData\Local\Programs\Python\Launcher\;C:\Users\Ognjen\AppData\Local\Microsoft\WindowsApps;C:\Users\Ognjen\AppData\Local\Programs\Microsoft VS Code\bin;C:\Users\Ognjen\AppData\Local\GitHubDesktop\bin;C:\Users\Ognjen\.dotnet\tools;C:\Program Files\JetBrains\IntelliJ IDEA 2024.2.4\bin;;C:\Users\Ognjen\AppData\Roaming\nvm;C:\Program Files\nodejs;C:\Users\Ognjen\AppData\Roaming\npm;C:\Program Files\RabbitMQ Server;C:\Users\Ognjen\go\bin;C:\Users\Ognjen\AppData\Local\Programs\cursor\resources\app\bin
USERNAME=Ognjen
OS=Windows_NT
PROCESSOR_IDENTIFIER=Intel64 Family 6 Model 78 Stepping 3, GenuineIntel
TMP=C:\Users\Ognjen\AppData\Local\Temp
TEMP=C:\Users\Ognjen\AppData\Local\Temp




Periodic native trim disabled

---------------  S Y S T E M  ---------------

OS:
 Windows 10 , 64 bit Build 19041 (10.0.19041.5915)
OS uptime: 5 days 12:14 hours
Hyper-V role detected

CPU: total 4 (initial active 4) (2 cores per cpu, 2 threads per core) family 6 model 78 stepping 3 microcode 0xf0, cx8, cmov, fxsr, ht, mmx, 3dnowpref, sse, sse2, sse3, ssse3, sse4.1, sse4.2, popcnt, lzcnt, tsc, tscinvbit, avx, avx2, aes, erms, clmul, bmi1, bmi2, rtm, adx, fma, vzeroupper, clflush, clflushopt, hv, rdtscp, f16c
Processor Information for the first 4 processors :
  Max Mhz: 2496, Current Mhz: 2396, Mhz Limit: 2396

Memory: 4k page, system-wide physical 15784M (2123M free)
TotalPageFile size 20036M (AvailPageFile size 3M)
current process WorkingSet (physical memory assigned to process): 124M, peak: 124M
current process commit charge ("private bytes"): 370M, peak: 370M

vm_info: OpenJDK 64-Bit Server VM (23.0.1+11-39) for windows-amd64 JRE (23.0.1+11-39), built on 2024-09-30T07:20:43Z with MS VC++ 17.6 (VS2022)

END.
