2026-02-03 11:13:56.143 [restartedMain] [req=] [user=] [ip=] INFO  bank com.example.Bank.BankApplication - Starting BankApplication using Java 24.0.1 with PID 13008 (C:\Users\Strahinja\Desktop\SEP Projekat\sep-app-2025\Bank\Bank\target\classes started by Strahinja in C:\Users\Strahinja\Desktop\SEP Projekat\sep-app-2025\Bank\Bank)
2026-02-03 11:13:56.145 [restartedMain] [req=] [user=] [ip=] INFO  bank com.example.Bank.BankApplication - No active profile set, falling back to 1 default profile: "default"
2026-02-03 11:13:56.169 [restartedMain] [req=] [user=] [ip=] INFO  bank o.s.b.d.e.DevToolsPropertyDefaultsPostProcessor - Devtools property defaults active! Set 'spring.devtools.add-properties' to 'false' to disable
2026-02-03 11:13:56.170 [restartedMain] [req=] [user=] [ip=] INFO  bank o.s.b.d.e.DevToolsPropertyDefaultsPostProcessor - For additional web related logging consider setting the 'logging.level.web' property to 'DEBUG'
2026-02-03 11:13:56.206 [background-preinit] [req=] [user=] [ip=] INFO  bank o.h.validator.internal.util.Version - HV000001: Hibernate Validator 9.0.1.Final
2026-02-03 11:13:56.559 [restartedMain] [req=] [user=] [ip=] INFO  bank o.s.d.r.c.RepositoryConfigurationDelegate - Bootstrapping Spring Data JPA repositories in DEFAULT mode.
2026-02-03 11:13:56.595 [restartedMain] [req=] [user=] [ip=] INFO  bank o.s.d.r.c.RepositoryConfigurationDelegate - Finished Spring Data repository scanning in 31 ms. Found 4 JPA repository interfaces.
2026-02-03 11:13:56.958 [restartedMain] [req=] [user=] [ip=] INFO  bank o.s.boot.tomcat.TomcatWebServer - Tomcat initialized with port 8443 (https)
2026-02-03 11:13:56.967 [restartedMain] [req=] [user=] [ip=] INFO  bank o.a.coyote.http11.Http11NioProtocol - Initializing ProtocolHandler ["https-jsse-nio-8443"]
2026-02-03 11:13:56.968 [restartedMain] [req=] [user=] [ip=] INFO  bank o.a.catalina.core.StandardService - Starting service [Tomcat]
2026-02-03 11:13:56.968 [restartedMain] [req=] [user=] [ip=] INFO  bank o.a.catalina.core.StandardEngine - Starting Servlet engine: [Apache Tomcat/11.0.14]
2026-02-03 11:13:56.990 [restartedMain] [req=] [user=] [ip=] INFO  bank o.s.b.w.c.s.WebApplicationContextInitializer - Root WebApplicationContext: initialization completed in 820 ms
2026-02-03 11:13:57.087 [restartedMain] [req=] [user=] [ip=] INFO  bank o.h.jpa.internal.util.LogHelper - HHH000204: Processing PersistenceUnitInfo [name: default]
2026-02-03 11:13:57.113 [restartedMain] [req=] [user=] [ip=] INFO  bank org.hibernate.Version - HHH000412: Hibernate ORM core version 7.1.8.Final
2026-02-03 11:13:57.374 [restartedMain] [req=] [user=] [ip=] INFO  bank o.s.o.j.p.SpringPersistenceUnitInfo - No LoadTimeWeaver setup: ignoring JPA class transformer
2026-02-03 11:13:57.394 [restartedMain] [req=] [user=] [ip=] DEBUG bank com.zaxxer.hikari.HikariConfig - SpringBootJPAHikariCP - configuration:
2026-02-03 11:13:57.395 [restartedMain] [req=] [user=] [ip=] DEBUG bank com.zaxxer.hikari.HikariConfig - allowPoolSuspension.............false
2026-02-03 11:13:57.395 [restartedMain] [req=] [user=] [ip=] DEBUG bank com.zaxxer.hikari.HikariConfig - autoCommit......................true
2026-02-03 11:13:57.395 [restartedMain] [req=] [user=] [ip=] DEBUG bank com.zaxxer.hikari.HikariConfig - catalog.........................none
2026-02-03 11:13:57.395 [restartedMain] [req=] [user=] [ip=] DEBUG bank com.zaxxer.hikari.HikariConfig - connectionInitSql...............none
2026-02-03 11:13:57.395 [restartedMain] [req=] [user=] [ip=] DEBUG bank com.zaxxer.hikari.HikariConfig - connectionTestQuery.............none
2026-02-03 11:13:57.395 [restartedMain] [req=] [user=] [ip=] DEBUG bank com.zaxxer.hikari.HikariConfig - connectionTimeout...............30000
2026-02-03 11:13:57.395 [restartedMain] [req=] [user=] [ip=] DEBUG bank com.zaxxer.hikari.HikariConfig - credentials.....................com.zaxxer.hikari.util.Credentials@1ea0b60d
2026-02-03 11:13:57.395 [restartedMain] [req=] [user=] [ip=] DEBUG bank com.zaxxer.hikari.HikariConfig - credentialsProvider.............none
2026-02-03 11:13:57.395 [restartedMain] [req=] [user=] [ip=] DEBUG bank com.zaxxer.hikari.HikariConfig - credentialsProviderClassName....none
2026-02-03 11:13:57.395 [restartedMain] [req=] [user=] [ip=] DEBUG bank com.zaxxer.hikari.HikariConfig - dataSource......................none
2026-02-03 11:13:57.395 [restartedMain] [req=] [user=] [ip=] DEBUG bank com.zaxxer.hikari.HikariConfig - dataSourceClassName.............none
2026-02-03 11:13:57.396 [restartedMain] [req=] [user=] [ip=] DEBUG bank com.zaxxer.hikari.HikariConfig - dataSourceJNDI..................none
2026-02-03 11:13:57.396 [restartedMain] [req=] [user=] [ip=] DEBUG bank com.zaxxer.hikari.HikariConfig - dataSourceProperties............{password=<masked>}
2026-02-03 11:13:57.396 [restartedMain] [req=] [user=] [ip=] DEBUG bank com.zaxxer.hikari.HikariConfig - driverClassName................."org.postgresql.Driver"
2026-02-03 11:13:57.397 [restartedMain] [req=] [user=] [ip=] DEBUG bank com.zaxxer.hikari.HikariConfig - exceptionOverride...............none
2026-02-03 11:13:57.397 [restartedMain] [req=] [user=] [ip=] DEBUG bank com.zaxxer.hikari.HikariConfig - exceptionOverrideClassName......none
2026-02-03 11:13:57.397 [restartedMain] [req=] [user=] [ip=] DEBUG bank com.zaxxer.hikari.HikariConfig - healthCheckProperties...........{}
2026-02-03 11:13:57.397 [restartedMain] [req=] [user=] [ip=] DEBUG bank com.zaxxer.hikari.HikariConfig - healthCheckRegistry.............none
2026-02-03 11:13:57.397 [restartedMain] [req=] [user=] [ip=] DEBUG bank com.zaxxer.hikari.HikariConfig - idleTimeout.....................30000
2026-02-03 11:13:57.397 [restartedMain] [req=] [user=] [ip=] DEBUG bank com.zaxxer.hikari.HikariConfig - initializationFailTimeout.......1
2026-02-03 11:13:57.397 [restartedMain] [req=] [user=] [ip=] DEBUG bank com.zaxxer.hikari.HikariConfig - isolateInternalQueries..........false
2026-02-03 11:13:57.397 [restartedMain] [req=] [user=] [ip=] DEBUG bank com.zaxxer.hikari.HikariConfig - jdbcUrl.........................jdbc:postgresql://localhost:5432/bank_app
2026-02-03 11:13:57.397 [restartedMain] [req=] [user=] [ip=] DEBUG bank com.zaxxer.hikari.HikariConfig - keepaliveTime...................120000
2026-02-03 11:13:57.397 [restartedMain] [req=] [user=] [ip=] DEBUG bank com.zaxxer.hikari.HikariConfig - leakDetectionThreshold..........0
2026-02-03 11:13:57.397 [restartedMain] [req=] [user=] [ip=] DEBUG bank com.zaxxer.hikari.HikariConfig - maxLifetime.....................2000000
2026-02-03 11:13:57.397 [restartedMain] [req=] [user=] [ip=] DEBUG bank com.zaxxer.hikari.HikariConfig - maximumPoolSize.................20
2026-02-03 11:13:57.397 [restartedMain] [req=] [user=] [ip=] DEBUG bank com.zaxxer.hikari.HikariConfig - metricRegistry..................none
2026-02-03 11:13:57.398 [restartedMain] [req=] [user=] [ip=] DEBUG bank com.zaxxer.hikari.HikariConfig - metricsTrackerFactory...........none
2026-02-03 11:13:57.398 [restartedMain] [req=] [user=] [ip=] DEBUG bank com.zaxxer.hikari.HikariConfig - minimumIdle.....................5
2026-02-03 11:13:57.398 [restartedMain] [req=] [user=] [ip=] DEBUG bank com.zaxxer.hikari.HikariConfig - password........................<masked>
2026-02-03 11:13:57.398 [restartedMain] [req=] [user=] [ip=] DEBUG bank com.zaxxer.hikari.HikariConfig - poolName........................"SpringBootJPAHikariCP"
2026-02-03 11:13:57.398 [restartedMain] [req=] [user=] [ip=] DEBUG bank com.zaxxer.hikari.HikariConfig - readOnly........................false
2026-02-03 11:13:57.398 [restartedMain] [req=] [user=] [ip=] DEBUG bank com.zaxxer.hikari.HikariConfig - registerMbeans..................false
2026-02-03 11:13:57.398 [restartedMain] [req=] [user=] [ip=] DEBUG bank com.zaxxer.hikari.HikariConfig - scheduledExecutor...............none
2026-02-03 11:13:57.398 [restartedMain] [req=] [user=] [ip=] DEBUG bank com.zaxxer.hikari.HikariConfig - schema..........................none
2026-02-03 11:13:57.398 [restartedMain] [req=] [user=] [ip=] DEBUG bank com.zaxxer.hikari.HikariConfig - threadFactory...................internal
2026-02-03 11:13:57.398 [restartedMain] [req=] [user=] [ip=] DEBUG bank com.zaxxer.hikari.HikariConfig - transactionIsolation............default
2026-02-03 11:13:57.398 [restartedMain] [req=] [user=] [ip=] DEBUG bank com.zaxxer.hikari.HikariConfig - username........................"postgres"
2026-02-03 11:13:57.398 [restartedMain] [req=] [user=] [ip=] DEBUG bank com.zaxxer.hikari.HikariConfig - validationTimeout...............5000
2026-02-03 11:13:57.398 [restartedMain] [req=] [user=] [ip=] INFO  bank com.zaxxer.hikari.HikariDataSource - SpringBootJPAHikariCP - Starting...
2026-02-03 11:13:57.482 [restartedMain] [req=] [user=] [ip=] INFO  bank com.zaxxer.hikari.pool.HikariPool - SpringBootJPAHikariCP - Added connection org.postgresql.jdbc.PgConnection@53ce8628
2026-02-03 11:13:57.483 [restartedMain] [req=] [user=] [ip=] INFO  bank com.zaxxer.hikari.HikariDataSource - SpringBootJPAHikariCP - Start completed.
2026-02-03 11:13:57.501 [restartedMain] [req=] [user=] [ip=] WARN  bank org.hibernate.orm.deprecation - HHH90000025: PostgreSQLDialect does not need to be specified explicitly using 'hibernate.dialect' (remove the property setting and it will be selected by default)
2026-02-03 11:13:57.515 [restartedMain] [req=] [user=] [ip=] INFO  bank o.hibernate.orm.connections.pooling - HHH10001005: Database info:
	Database JDBC URL [jdbc:postgresql://localhost:5432/bank_app]
	Database driver: PostgreSQL JDBC Driver
	Database dialect: PostgreSQLDialect
	Database version: 17.5
	Default catalog/schema: bank_app/public
	Autocommit mode: undefined/unknown
	Isolation level: READ_COMMITTED [default READ_COMMITTED]
	JDBC fetch size: none
	Pool: DatasourceConnectionProviderImpl
	Minimum pool size: undefined/unknown
	Maximum pool size: undefined/unknown
2026-02-03 11:13:58.149 [restartedMain] [req=] [user=] [ip=] INFO  bank o.h.e.t.j.p.i.JtaPlatformInitiator - HHH000489: No JTA platform available (set 'hibernate.transaction.jta.platform' to enable JTA platform integration)
2026-02-03 11:13:58.213 [restartedMain] [req=] [user=] [ip=] INFO  bank o.s.o.j.LocalContainerEntityManagerFactoryBean - Initialized JPA EntityManagerFactory for persistence unit 'default'
2026-02-03 11:13:58.274 [restartedMain] [req=] [user=] [ip=] INFO  bank o.s.d.j.r.q.QueryEnhancerFactories - Hibernate is in classpath; If applicable, HQL parser will be used.
2026-02-03 11:13:58.974 [restartedMain] [req=] [user=] [ip=] WARN  bank o.s.b.s.a.UserDetailsServiceAutoConfiguration - 

Using generated security password: 8752cef2-b362-49c5-8529-6364150887f7

This generated password is for development use only. Your security configuration must be updated before running your application in production.

2026-02-03 11:13:58.979 [restartedMain] [req=] [user=] [ip=] INFO  bank o.s.s.c.a.a.c.InitializeUserDetailsBeanManagerConfigurer$InitializeUserDetailsManagerConfigurer - Global AuthenticationManager configured with UserDetailsService bean with name inMemoryUserDetailsManager
2026-02-03 11:13:59.101 [restartedMain] [req=] [user=] [ip=] WARN  bank o.s.w.s.m.m.a.RequestMappingHandlerMapping - Multiple @RequestMapping annotations found on public org.springframework.http.ResponseEntity com.example.Bank.controller.PaymentController.createTestTransaction(), but only the first will be used: [@org.springframework.web.bind.annotation.GetMapping(consumes={}, headers={}, name="", params={}, path={"/test/create"}, produces={}, value={"/test/create"}, version=""), @org.springframework.web.bind.annotation.PostMapping(consumes={}, headers={}, name="", params={}, path={"/test/create"}, produces={}, value={"/test/create"}, version="")]
2026-02-03 11:13:59.273 [restartedMain] [req=] [user=] [ip=] INFO  bank o.a.coyote.http11.Http11NioProtocol - Starting ProtocolHandler ["https-jsse-nio-8443"]
2026-02-03 11:13:59.341 [restartedMain] [req=] [user=] [ip=] INFO  bank o.a.t.u.net.NioEndpoint.certificate - Connector [https-jsse-nio-8443], TLS virtual host [_default_], certificate type [UNDEFINED] configured from keystore [C:\Users\Strahinja\.keystore] using alias [bank-cert] with trust store [null]
2026-02-03 11:13:59.350 [restartedMain] [req=] [user=] [ip=] INFO  bank o.s.boot.tomcat.TomcatWebServer - Tomcat started on port 8443 (https) with context path '/'
2026-02-03 11:13:59.354 [restartedMain] [req=] [user=] [ip=] INFO  bank com.example.Bank.BankApplication - Started BankApplication in 3.517 seconds (process running for 3.923)
2026-02-03 11:14:17.460 [SpringApplicationShutdownHook] [req=] [user=] [ip=] INFO  bank o.s.boot.tomcat.GracefulShutdown - Commencing graceful shutdown. Waiting for active requests to complete
2026-02-03 11:14:17.465 [tomcat-shutdown] [req=] [user=] [ip=] INFO  bank o.s.boot.tomcat.GracefulShutdown - Graceful shutdown complete
2026-02-03 11:14:17.468 [SpringApplicationShutdownHook] [req=] [user=] [ip=] INFO  bank o.s.o.j.LocalContainerEntityManagerFactoryBean - Closing JPA EntityManagerFactory for persistence unit 'default'
2026-02-03 11:14:17.470 [SpringApplicationShutdownHook] [req=] [user=] [ip=] INFO  bank com.zaxxer.hikari.HikariDataSource - SpringBootJPAHikariCP - Shutdown initiated...
2026-02-03 11:14:17.471 [SpringApplicationShutdownHook] [req=] [user=] [ip=] INFO  bank com.zaxxer.hikari.HikariDataSource - SpringBootJPAHikariCP - Shutdown completed.
2026-02-03 11:14:31.849 [restartedMain] [req=] [user=] [ip=] INFO  bank com.example.Bank.BankApplication - Starting BankApplication using Java 24.0.1 with PID 24864 (C:\Users\Strahinja\Desktop\SEP Projekat\sep-app-2025\Bank\Bank\target\classes started by Strahinja in C:\Users\Strahinja\Desktop\SEP Projekat\sep-app-2025\Bank\Bank)
2026-02-03 11:14:31.851 [restartedMain] [req=] [user=] [ip=] INFO  bank com.example.Bank.BankApplication - No active profile set, falling back to 1 default profile: "default"
2026-02-03 11:14:31.876 [restartedMain] [req=] [user=] [ip=] INFO  bank o.s.b.d.e.DevToolsPropertyDefaultsPostProcessor - Devtools property defaults active! Set 'spring.devtools.add-properties' to 'false' to disable
2026-02-03 11:14:31.876 [restartedMain] [req=] [user=] [ip=] INFO  bank o.s.b.d.e.DevToolsPropertyDefaultsPostProcessor - For additional web related logging consider setting the 'logging.level.web' property to 'DEBUG'
2026-02-03 11:14:31.913 [background-preinit] [req=] [user=] [ip=] INFO  bank o.h.validator.internal.util.Version - HV000001: Hibernate Validator 9.0.1.Final
2026-02-03 11:14:32.271 [restartedMain] [req=] [user=] [ip=] INFO  bank o.s.d.r.c.RepositoryConfigurationDelegate - Bootstrapping Spring Data JPA repositories in DEFAULT mode.
2026-02-03 11:14:32.312 [restartedMain] [req=] [user=] [ip=] INFO  bank o.s.d.r.c.RepositoryConfigurationDelegate - Finished Spring Data repository scanning in 37 ms. Found 4 JPA repository interfaces.
2026-02-03 11:14:32.670 [restartedMain] [req=] [user=] [ip=] INFO  bank o.s.boot.tomcat.TomcatWebServer - Tomcat initialized with port 8443 (https)
2026-02-03 11:14:32.677 [restartedMain] [req=] [user=] [ip=] INFO  bank o.a.coyote.http11.Http11NioProtocol - Initializing ProtocolHandler ["https-jsse-nio-8443"]
2026-02-03 11:14:32.679 [restartedMain] [req=] [user=] [ip=] INFO  bank o.a.catalina.core.StandardService - Starting service [Tomcat]
2026-02-03 11:14:32.679 [restartedMain] [req=] [user=] [ip=] INFO  bank o.a.catalina.core.StandardEngine - Starting Servlet engine: [Apache Tomcat/11.0.14]
2026-02-03 11:14:32.701 [restartedMain] [req=] [user=] [ip=] INFO  bank o.s.b.w.c.s.WebApplicationContextInitializer - Root WebApplicationContext: initialization completed in 825 ms
2026-02-03 11:14:32.798 [restartedMain] [req=] [user=] [ip=] INFO  bank o.h.jpa.internal.util.LogHelper - HHH000204: Processing PersistenceUnitInfo [name: default]
2026-02-03 11:14:32.826 [restartedMain] [req=] [user=] [ip=] INFO  bank org.hibernate.Version - HHH000412: Hibernate ORM core version 7.1.8.Final
2026-02-03 11:14:33.091 [restartedMain] [req=] [user=] [ip=] INFO  bank o.s.o.j.p.SpringPersistenceUnitInfo - No LoadTimeWeaver setup: ignoring JPA class transformer
2026-02-03 11:14:33.110 [restartedMain] [req=] [user=] [ip=] DEBUG bank com.zaxxer.hikari.HikariConfig - SpringBootJPAHikariCP - configuration:
2026-02-03 11:14:33.111 [restartedMain] [req=] [user=] [ip=] DEBUG bank com.zaxxer.hikari.HikariConfig - allowPoolSuspension.............false
2026-02-03 11:14:33.111 [restartedMain] [req=] [user=] [ip=] DEBUG bank com.zaxxer.hikari.HikariConfig - autoCommit......................true
2026-02-03 11:14:33.111 [restartedMain] [req=] [user=] [ip=] DEBUG bank com.zaxxer.hikari.HikariConfig - catalog.........................none
2026-02-03 11:14:33.111 [restartedMain] [req=] [user=] [ip=] DEBUG bank com.zaxxer.hikari.HikariConfig - connectionInitSql...............none
2026-02-03 11:14:33.112 [restartedMain] [req=] [user=] [ip=] DEBUG bank com.zaxxer.hikari.HikariConfig - connectionTestQuery.............none
2026-02-03 11:14:33.112 [restartedMain] [req=] [user=] [ip=] DEBUG bank com.zaxxer.hikari.HikariConfig - connectionTimeout...............30000
2026-02-03 11:14:33.112 [restartedMain] [req=] [user=] [ip=] DEBUG bank com.zaxxer.hikari.HikariConfig - credentials.....................com.zaxxer.hikari.util.Credentials@1ea0b60d
2026-02-03 11:14:33.112 [restartedMain] [req=] [user=] [ip=] DEBUG bank com.zaxxer.hikari.HikariConfig - credentialsProvider.............none
2026-02-03 11:14:33.112 [restartedMain] [req=] [user=] [ip=] DEBUG bank com.zaxxer.hikari.HikariConfig - credentialsProviderClassName....none
2026-02-03 11:14:33.112 [restartedMain] [req=] [user=] [ip=] DEBUG bank com.zaxxer.hikari.HikariConfig - dataSource......................none
2026-02-03 11:14:33.112 [restartedMain] [req=] [user=] [ip=] DEBUG bank com.zaxxer.hikari.HikariConfig - dataSourceClassName.............none
2026-02-03 11:14:33.112 [restartedMain] [req=] [user=] [ip=] DEBUG bank com.zaxxer.hikari.HikariConfig - dataSourceJNDI..................none
2026-02-03 11:14:33.112 [restartedMain] [req=] [user=] [ip=] DEBUG bank com.zaxxer.hikari.HikariConfig - dataSourceProperties............{password=<masked>}
2026-02-03 11:14:33.112 [restartedMain] [req=] [user=] [ip=] DEBUG bank com.zaxxer.hikari.HikariConfig - driverClassName................."org.postgresql.Driver"
2026-02-03 11:14:33.112 [restartedMain] [req=] [user=] [ip=] DEBUG bank com.zaxxer.hikari.HikariConfig - exceptionOverride...............none
2026-02-03 11:14:33.112 [restartedMain] [req=] [user=] [ip=] DEBUG bank com.zaxxer.hikari.HikariConfig - exceptionOverrideClassName......none
2026-02-03 11:14:33.112 [restartedMain] [req=] [user=] [ip=] DEBUG bank com.zaxxer.hikari.HikariConfig - healthCheckProperties...........{}
2026-02-03 11:14:33.112 [restartedMain] [req=] [user=] [ip=] DEBUG bank com.zaxxer.hikari.HikariConfig - healthCheckRegistry.............none
2026-02-03 11:14:33.112 [restartedMain] [req=] [user=] [ip=] DEBUG bank com.zaxxer.hikari.HikariConfig - idleTimeout.....................30000
2026-02-03 11:14:33.112 [restartedMain] [req=] [user=] [ip=] DEBUG bank com.zaxxer.hikari.HikariConfig - initializationFailTimeout.......1
2026-02-03 11:14:33.112 [restartedMain] [req=] [user=] [ip=] DEBUG bank com.zaxxer.hikari.HikariConfig - isolateInternalQueries..........false
2026-02-03 11:14:33.112 [restartedMain] [req=] [user=] [ip=] DEBUG bank com.zaxxer.hikari.HikariConfig - jdbcUrl.........................jdbc:postgresql://localhost:5432/bank_app
2026-02-03 11:14:33.113 [restartedMain] [req=] [user=] [ip=] DEBUG bank com.zaxxer.hikari.HikariConfig - keepaliveTime...................120000
2026-02-03 11:14:33.113 [restartedMain] [req=] [user=] [ip=] DEBUG bank com.zaxxer.hikari.HikariConfig - leakDetectionThreshold..........0
2026-02-03 11:14:33.113 [restartedMain] [req=] [user=] [ip=] DEBUG bank com.zaxxer.hikari.HikariConfig - maxLifetime.....................2000000
2026-02-03 11:14:33.113 [restartedMain] [req=] [user=] [ip=] DEBUG bank com.zaxxer.hikari.HikariConfig - maximumPoolSize.................20
2026-02-03 11:14:33.113 [restartedMain] [req=] [user=] [ip=] DEBUG bank com.zaxxer.hikari.HikariConfig - metricRegistry..................none
2026-02-03 11:14:33.113 [restartedMain] [req=] [user=] [ip=] DEBUG bank com.zaxxer.hikari.HikariConfig - metricsTrackerFactory...........none
2026-02-03 11:14:33.113 [restartedMain] [req=] [user=] [ip=] DEBUG bank com.zaxxer.hikari.HikariConfig - minimumIdle.....................5
2026-02-03 11:14:33.113 [restartedMain] [req=] [user=] [ip=] DEBUG bank com.zaxxer.hikari.HikariConfig - password........................<masked>
2026-02-03 11:14:33.113 [restartedMain] [req=] [user=] [ip=] DEBUG bank com.zaxxer.hikari.HikariConfig - poolName........................"SpringBootJPAHikariCP"
2026-02-03 11:14:33.113 [restartedMain] [req=] [user=] [ip=] DEBUG bank com.zaxxer.hikari.HikariConfig - readOnly........................false
2026-02-03 11:14:33.113 [restartedMain] [req=] [user=] [ip=] DEBUG bank com.zaxxer.hikari.HikariConfig - registerMbeans..................false
2026-02-03 11:14:33.113 [restartedMain] [req=] [user=] [ip=] DEBUG bank com.zaxxer.hikari.HikariConfig - scheduledExecutor...............none
2026-02-03 11:14:33.113 [restartedMain] [req=] [user=] [ip=] DEBUG bank com.zaxxer.hikari.HikariConfig - schema..........................none
2026-02-03 11:14:33.113 [restartedMain] [req=] [user=] [ip=] DEBUG bank com.zaxxer.hikari.HikariConfig - threadFactory...................internal
2026-02-03 11:14:33.113 [restartedMain] [req=] [user=] [ip=] DEBUG bank com.zaxxer.hikari.HikariConfig - transactionIsolation............default
2026-02-03 11:14:33.113 [restartedMain] [req=] [user=] [ip=] DEBUG bank com.zaxxer.hikari.HikariConfig - username........................"postgres"
2026-02-03 11:14:33.113 [restartedMain] [req=] [user=] [ip=] DEBUG bank com.zaxxer.hikari.HikariConfig - validationTimeout...............5000
2026-02-03 11:14:33.113 [restartedMain] [req=] [user=] [ip=] INFO  bank com.zaxxer.hikari.HikariDataSource - SpringBootJPAHikariCP - Starting...
2026-02-03 11:14:33.198 [restartedMain] [req=] [user=] [ip=] INFO  bank com.zaxxer.hikari.pool.HikariPool - SpringBootJPAHikariCP - Added connection org.postgresql.jdbc.PgConnection@53ce8628
2026-02-03 11:14:33.199 [restartedMain] [req=] [user=] [ip=] INFO  bank com.zaxxer.hikari.HikariDataSource - SpringBootJPAHikariCP - Start completed.
2026-02-03 11:14:33.216 [restartedMain] [req=] [user=] [ip=] WARN  bank org.hibernate.orm.deprecation - HHH90000025: PostgreSQLDialect does not need to be specified explicitly using 'hibernate.dialect' (remove the property setting and it will be selected by default)
2026-02-03 11:14:33.230 [restartedMain] [req=] [user=] [ip=] INFO  bank o.hibernate.orm.connections.pooling - HHH10001005: Database info:
	Database JDBC URL [jdbc:postgresql://localhost:5432/bank_app]
	Database driver: PostgreSQL JDBC Driver
	Database dialect: PostgreSQLDialect
	Database version: 17.5
	Default catalog/schema: bank_app/public
	Autocommit mode: undefined/unknown
	Isolation level: READ_COMMITTED [default READ_COMMITTED]
	JDBC fetch size: none
	Pool: DatasourceConnectionProviderImpl
	Minimum pool size: undefined/unknown
	Maximum pool size: undefined/unknown
2026-02-03 11:14:33.872 [restartedMain] [req=] [user=] [ip=] INFO  bank o.h.e.t.j.p.i.JtaPlatformInitiator - HHH000489: No JTA platform available (set 'hibernate.transaction.jta.platform' to enable JTA platform integration)
2026-02-03 11:14:33.940 [restartedMain] [req=] [user=] [ip=] INFO  bank o.s.o.j.LocalContainerEntityManagerFactoryBean - Initialized JPA EntityManagerFactory for persistence unit 'default'
2026-02-03 11:14:34.003 [restartedMain] [req=] [user=] [ip=] INFO  bank o.s.d.j.r.q.QueryEnhancerFactories - Hibernate is in classpath; If applicable, HQL parser will be used.
2026-02-03 11:14:34.701 [restartedMain] [req=] [user=] [ip=] WARN  bank o.s.b.s.a.UserDetailsServiceAutoConfiguration - 

Using generated security password: 5e6863c3-4be2-411f-be52-1215b9d4febd

This generated password is for development use only. Your security configuration must be updated before running your application in production.

2026-02-03 11:14:34.705 [restartedMain] [req=] [user=] [ip=] INFO  bank o.s.s.c.a.a.c.InitializeUserDetailsBeanManagerConfigurer$InitializeUserDetailsManagerConfigurer - Global AuthenticationManager configured with UserDetailsService bean with name inMemoryUserDetailsManager
2026-02-03 11:14:34.830 [restartedMain] [req=] [user=] [ip=] WARN  bank o.s.w.s.m.m.a.RequestMappingHandlerMapping - Multiple @RequestMapping annotations found on public org.springframework.http.ResponseEntity com.example.Bank.controller.PaymentController.createTestTransaction(), but only the first will be used: [@org.springframework.web.bind.annotation.GetMapping(consumes={}, headers={}, name="", params={}, path={"/test/create"}, produces={}, value={"/test/create"}, version=""), @org.springframework.web.bind.annotation.PostMapping(consumes={}, headers={}, name="", params={}, path={"/test/create"}, produces={}, value={"/test/create"}, version="")]
2026-02-03 11:14:35.005 [restartedMain] [req=] [user=] [ip=] INFO  bank o.a.coyote.http11.Http11NioProtocol - Starting ProtocolHandler ["https-jsse-nio-8443"]
2026-02-03 11:14:35.071 [restartedMain] [req=] [user=] [ip=] INFO  bank o.a.t.u.net.NioEndpoint.certificate - Connector [https-jsse-nio-8443], TLS virtual host [_default_], certificate type [UNDEFINED] configured from keystore [C:\Users\Strahinja\.keystore] using alias [bank-cert] with trust store [null]
2026-02-03 11:14:35.079 [restartedMain] [req=] [user=] [ip=] INFO  bank o.s.boot.tomcat.TomcatWebServer - Tomcat started on port 8443 (https) with context path '/'
2026-02-03 11:14:35.083 [restartedMain] [req=] [user=] [ip=] INFO  bank com.example.Bank.BankApplication - Started BankApplication in 3.551 seconds (process running for 3.965)
2026-02-03 11:14:40.942 [https-jsse-nio-8443-exec-3] [req=] [user=] [ip=] INFO  bank o.a.c.c.C.[Tomcat].[localhost].[/] - Initializing Spring DispatcherServlet 'dispatcherServlet'
2026-02-03 11:14:40.942 [https-jsse-nio-8443-exec-3] [req=] [user=] [ip=] INFO  bank o.s.web.servlet.DispatcherServlet - Initializing Servlet 'dispatcherServlet'
2026-02-03 11:14:40.943 [https-jsse-nio-8443-exec-3] [req=] [user=] [ip=] INFO  bank o.s.web.servlet.DispatcherServlet - Completed initialization in 1 ms
2026-02-03 11:14:41.089 [https-jsse-nio-8443-exec-3] [req=ac531f] [user=] [ip=0:0:0:0:0:0:0:1] DEBUG bank org.hibernate.SQL - 
    select
        u1_0.id,
        u1_0.account_id,
        u1_0.email,
        u1_0.name,
        u1_0.password,
        u1_0.role,
        u1_0.surname 
    from
        users u1_0 
    where
        u1_0.email=?
2026-02-03 11:14:57.097 [https-jsse-nio-8443-exec-7] [req=8f0f1c] [user=3] [ip=0:0:0:0:0:0:0:1] INFO  bank c.e.B.controller.AccountController - getAllAccounts
2026-02-03 11:14:57.106 [https-jsse-nio-8443-exec-7] [req=8f0f1c] [user=3] [ip=0:0:0:0:0:0:0:1] DEBUG bank org.hibernate.SQL - 
    select
        a1_0.id,
        a1_0.account_holder_name,
        a1_0.account_number_enc,
        a1_0.account_number_hash,
        a1_0.balance,
        a1_0.currency,
        a1_0.deleted,
        a1_0.merchant_id,
        a1_0.user_id 
    from
        account a1_0 
    where
        a1_0.deleted=false
2026-02-03 11:15:22.953 [SpringApplicationShutdownHook] [req=] [user=] [ip=] INFO  bank o.s.boot.tomcat.GracefulShutdown - Commencing graceful shutdown. Waiting for active requests to complete
2026-02-03 11:15:22.959 [tomcat-shutdown] [req=] [user=] [ip=] INFO  bank o.s.boot.tomcat.GracefulShutdown - Graceful shutdown complete
2026-02-03 11:15:22.962 [SpringApplicationShutdownHook] [req=] [user=] [ip=] INFO  bank o.s.o.j.LocalContainerEntityManagerFactoryBean - Closing JPA EntityManagerFactory for persistence unit 'default'
2026-02-03 11:15:22.964 [SpringApplicationShutdownHook] [req=] [user=] [ip=] INFO  bank com.zaxxer.hikari.HikariDataSource - SpringBootJPAHikariCP - Shutdown initiated...
2026-02-03 11:15:22.965 [SpringApplicationShutdownHook] [req=] [user=] [ip=] INFO  bank com.zaxxer.hikari.HikariDataSource - SpringBootJPAHikariCP - Shutdown completed.
2026-02-03 11:34:39.773 [restartedMain] [req=] [user=] [ip=] INFO  bank com.example.Bank.BankApplication - Starting BankApplication using Java 24.0.1 with PID 25080 (C:\Users\Strahinja\Desktop\SEP Projekat\sep-app-2025\Bank\Bank\target\classes started by Strahinja in C:\Users\Strahinja\Desktop\SEP Projekat\sep-app-2025\Bank\Bank)
2026-02-03 11:34:39.775 [restartedMain] [req=] [user=] [ip=] INFO  bank com.example.Bank.BankApplication - No active profile set, falling back to 1 default profile: "default"
2026-02-03 11:34:39.800 [restartedMain] [req=] [user=] [ip=] INFO  bank o.s.b.d.e.DevToolsPropertyDefaultsPostProcessor - Devtools property defaults active! Set 'spring.devtools.add-properties' to 'false' to disable
2026-02-03 11:34:39.801 [restartedMain] [req=] [user=] [ip=] INFO  bank o.s.b.d.e.DevToolsPropertyDefaultsPostProcessor - For additional web related logging consider setting the 'logging.level.web' property to 'DEBUG'
2026-02-03 11:34:39.837 [background-preinit] [req=] [user=] [ip=] INFO  bank o.h.validator.internal.util.Version - HV000001: Hibernate Validator 9.0.1.Final
2026-02-03 11:34:40.201 [restartedMain] [req=] [user=] [ip=] INFO  bank o.s.d.r.c.RepositoryConfigurationDelegate - Bootstrapping Spring Data JPA repositories in DEFAULT mode.
2026-02-03 11:34:40.242 [restartedMain] [req=] [user=] [ip=] INFO  bank o.s.d.r.c.RepositoryConfigurationDelegate - Finished Spring Data repository scanning in 36 ms. Found 4 JPA repository interfaces.
2026-02-03 11:34:40.605 [restartedMain] [req=] [user=] [ip=] INFO  bank o.s.boot.tomcat.TomcatWebServer - Tomcat initialized with port 8443 (https)
2026-02-03 11:34:40.614 [restartedMain] [req=] [user=] [ip=] INFO  bank o.a.coyote.http11.Http11NioProtocol - Initializing ProtocolHandler ["https-jsse-nio-8443"]
2026-02-03 11:34:40.615 [restartedMain] [req=] [user=] [ip=] INFO  bank o.a.catalina.core.StandardService - Starting service [Tomcat]
2026-02-03 11:34:40.616 [restartedMain] [req=] [user=] [ip=] INFO  bank o.a.catalina.core.StandardEngine - Starting Servlet engine: [Apache Tomcat/11.0.14]
2026-02-03 11:34:40.638 [restartedMain] [req=] [user=] [ip=] INFO  bank o.s.b.w.c.s.WebApplicationContextInitializer - Root WebApplicationContext: initialization completed in 837 ms
2026-02-03 11:34:40.738 [restartedMain] [req=] [user=] [ip=] INFO  bank o.h.jpa.internal.util.LogHelper - HHH000204: Processing PersistenceUnitInfo [name: default]
2026-02-03 11:34:40.764 [restartedMain] [req=] [user=] [ip=] INFO  bank org.hibernate.Version - HHH000412: Hibernate ORM core version 7.1.8.Final
2026-02-03 11:34:41.025 [restartedMain] [req=] [user=] [ip=] INFO  bank o.s.o.j.p.SpringPersistenceUnitInfo - No LoadTimeWeaver setup: ignoring JPA class transformer
2026-02-03 11:34:41.044 [restartedMain] [req=] [user=] [ip=] DEBUG bank com.zaxxer.hikari.HikariConfig - SpringBootJPAHikariCP - configuration:
2026-02-03 11:34:41.045 [restartedMain] [req=] [user=] [ip=] DEBUG bank com.zaxxer.hikari.HikariConfig - allowPoolSuspension.............false
2026-02-03 11:34:41.045 [restartedMain] [req=] [user=] [ip=] DEBUG bank com.zaxxer.hikari.HikariConfig - autoCommit......................true
2026-02-03 11:34:41.045 [restartedMain] [req=] [user=] [ip=] DEBUG bank com.zaxxer.hikari.HikariConfig - catalog.........................none
2026-02-03 11:34:41.045 [restartedMain] [req=] [user=] [ip=] DEBUG bank com.zaxxer.hikari.HikariConfig - connectionInitSql...............none
2026-02-03 11:34:41.046 [restartedMain] [req=] [user=] [ip=] DEBUG bank com.zaxxer.hikari.HikariConfig - connectionTestQuery.............none
2026-02-03 11:34:41.046 [restartedMain] [req=] [user=] [ip=] DEBUG bank com.zaxxer.hikari.HikariConfig - connectionTimeout...............30000
2026-02-03 11:34:41.046 [restartedMain] [req=] [user=] [ip=] DEBUG bank com.zaxxer.hikari.HikariConfig - credentials.....................com.zaxxer.hikari.util.Credentials@a5b7f0e
2026-02-03 11:34:41.046 [restartedMain] [req=] [user=] [ip=] DEBUG bank com.zaxxer.hikari.HikariConfig - credentialsProvider.............none
2026-02-03 11:34:41.046 [restartedMain] [req=] [user=] [ip=] DEBUG bank com.zaxxer.hikari.HikariConfig - credentialsProviderClassName....none
2026-02-03 11:34:41.046 [restartedMain] [req=] [user=] [ip=] DEBUG bank com.zaxxer.hikari.HikariConfig - dataSource......................none
2026-02-03 11:34:41.046 [restartedMain] [req=] [user=] [ip=] DEBUG bank com.zaxxer.hikari.HikariConfig - dataSourceClassName.............none
2026-02-03 11:34:41.046 [restartedMain] [req=] [user=] [ip=] DEBUG bank com.zaxxer.hikari.HikariConfig - dataSourceJNDI..................none
2026-02-03 11:34:41.046 [restartedMain] [req=] [user=] [ip=] DEBUG bank com.zaxxer.hikari.HikariConfig - dataSourceProperties............{password=<masked>}
2026-02-03 11:34:41.046 [restartedMain] [req=] [user=] [ip=] DEBUG bank com.zaxxer.hikari.HikariConfig - driverClassName................."org.postgresql.Driver"
2026-02-03 11:34:41.046 [restartedMain] [req=] [user=] [ip=] DEBUG bank com.zaxxer.hikari.HikariConfig - exceptionOverride...............none
2026-02-03 11:34:41.046 [restartedMain] [req=] [user=] [ip=] DEBUG bank com.zaxxer.hikari.HikariConfig - exceptionOverrideClassName......none
2026-02-03 11:34:41.046 [restartedMain] [req=] [user=] [ip=] DEBUG bank com.zaxxer.hikari.HikariConfig - healthCheckProperties...........{}
2026-02-03 11:34:41.046 [restartedMain] [req=] [user=] [ip=] DEBUG bank com.zaxxer.hikari.HikariConfig - healthCheckRegistry.............none
2026-02-03 11:34:41.046 [restartedMain] [req=] [user=] [ip=] DEBUG bank com.zaxxer.hikari.HikariConfig - idleTimeout.....................30000
2026-02-03 11:34:41.046 [restartedMain] [req=] [user=] [ip=] DEBUG bank com.zaxxer.hikari.HikariConfig - initializationFailTimeout.......1
2026-02-03 11:34:41.047 [restartedMain] [req=] [user=] [ip=] DEBUG bank com.zaxxer.hikari.HikariConfig - isolateInternalQueries..........false
2026-02-03 11:34:41.047 [restartedMain] [req=] [user=] [ip=] DEBUG bank com.zaxxer.hikari.HikariConfig - jdbcUrl.........................jdbc:postgresql://localhost:5432/bank_app
2026-02-03 11:34:41.047 [restartedMain] [req=] [user=] [ip=] DEBUG bank com.zaxxer.hikari.HikariConfig - keepaliveTime...................120000
2026-02-03 11:34:41.047 [restartedMain] [req=] [user=] [ip=] DEBUG bank com.zaxxer.hikari.HikariConfig - leakDetectionThreshold..........0
2026-02-03 11:34:41.047 [restartedMain] [req=] [user=] [ip=] DEBUG bank com.zaxxer.hikari.HikariConfig - maxLifetime.....................2000000
2026-02-03 11:34:41.048 [restartedMain] [req=] [user=] [ip=] DEBUG bank com.zaxxer.hikari.HikariConfig - maximumPoolSize.................20
2026-02-03 11:34:41.048 [restartedMain] [req=] [user=] [ip=] DEBUG bank com.zaxxer.hikari.HikariConfig - metricRegistry..................none
2026-02-03 11:34:41.048 [restartedMain] [req=] [user=] [ip=] DEBUG bank com.zaxxer.hikari.HikariConfig - metricsTrackerFactory...........none
2026-02-03 11:34:41.048 [restartedMain] [req=] [user=] [ip=] DEBUG bank com.zaxxer.hikari.HikariConfig - minimumIdle.....................5
2026-02-03 11:34:41.048 [restartedMain] [req=] [user=] [ip=] DEBUG bank com.zaxxer.hikari.HikariConfig - password........................<masked>
2026-02-03 11:34:41.048 [restartedMain] [req=] [user=] [ip=] DEBUG bank com.zaxxer.hikari.HikariConfig - poolName........................"SpringBootJPAHikariCP"
2026-02-03 11:34:41.048 [restartedMain] [req=] [user=] [ip=] DEBUG bank com.zaxxer.hikari.HikariConfig - readOnly........................false
2026-02-03 11:34:41.048 [restartedMain] [req=] [user=] [ip=] DEBUG bank com.zaxxer.hikari.HikariConfig - registerMbeans..................false
2026-02-03 11:34:41.048 [restartedMain] [req=] [user=] [ip=] DEBUG bank com.zaxxer.hikari.HikariConfig - scheduledExecutor...............none
2026-02-03 11:34:41.048 [restartedMain] [req=] [user=] [ip=] DEBUG bank com.zaxxer.hikari.HikariConfig - schema..........................none
2026-02-03 11:34:41.048 [restartedMain] [req=] [user=] [ip=] DEBUG bank com.zaxxer.hikari.HikariConfig - threadFactory...................internal
2026-02-03 11:34:41.048 [restartedMain] [req=] [user=] [ip=] DEBUG bank com.zaxxer.hikari.HikariConfig - transactionIsolation............default
2026-02-03 11:34:41.048 [restartedMain] [req=] [user=] [ip=] DEBUG bank com.zaxxer.hikari.HikariConfig - username........................"postgres"
2026-02-03 11:34:41.048 [restartedMain] [req=] [user=] [ip=] DEBUG bank com.zaxxer.hikari.HikariConfig - validationTimeout...............5000
2026-02-03 11:34:41.048 [restartedMain] [req=] [user=] [ip=] INFO  bank com.zaxxer.hikari.HikariDataSource - SpringBootJPAHikariCP - Starting...
2026-02-03 11:34:41.131 [restartedMain] [req=] [user=] [ip=] INFO  bank com.zaxxer.hikari.pool.HikariPool - SpringBootJPAHikariCP - Added connection org.postgresql.jdbc.PgConnection@7b1ba263
2026-02-03 11:34:41.132 [restartedMain] [req=] [user=] [ip=] INFO  bank com.zaxxer.hikari.HikariDataSource - SpringBootJPAHikariCP - Start completed.
2026-02-03 11:34:41.150 [restartedMain] [req=] [user=] [ip=] WARN  bank org.hibernate.orm.deprecation - HHH90000025: PostgreSQLDialect does not need to be specified explicitly using 'hibernate.dialect' (remove the property setting and it will be selected by default)
2026-02-03 11:34:41.163 [restartedMain] [req=] [user=] [ip=] INFO  bank o.hibernate.orm.connections.pooling - HHH10001005: Database info:
	Database JDBC URL [jdbc:postgresql://localhost:5432/bank_app]
	Database driver: PostgreSQL JDBC Driver
	Database dialect: PostgreSQLDialect
	Database version: 17.5
	Default catalog/schema: bank_app/public
	Autocommit mode: undefined/unknown
	Isolation level: READ_COMMITTED [default READ_COMMITTED]
	JDBC fetch size: none
	Pool: DatasourceConnectionProviderImpl
	Minimum pool size: undefined/unknown
	Maximum pool size: undefined/unknown
2026-02-03 11:34:41.788 [restartedMain] [req=] [user=] [ip=] INFO  bank o.h.e.t.j.p.i.JtaPlatformInitiator - HHH000489: No JTA platform available (set 'hibernate.transaction.jta.platform' to enable JTA platform integration)
2026-02-03 11:34:41.856 [restartedMain] [req=] [user=] [ip=] INFO  bank o.s.o.j.LocalContainerEntityManagerFactoryBean - Initialized JPA EntityManagerFactory for persistence unit 'default'
2026-02-03 11:34:41.914 [restartedMain] [req=] [user=] [ip=] INFO  bank o.s.d.j.r.q.QueryEnhancerFactories - Hibernate is in classpath; If applicable, HQL parser will be used.
2026-02-03 11:34:42.609 [restartedMain] [req=] [user=] [ip=] WARN  bank o.s.b.s.a.UserDetailsServiceAutoConfiguration - 

Using generated security password: 834a492e-01c6-46aa-91e2-f2e58c49f401

This generated password is for development use only. Your security configuration must be updated before running your application in production.

2026-02-03 11:34:42.614 [restartedMain] [req=] [user=] [ip=] INFO  bank o.s.s.c.a.a.c.InitializeUserDetailsBeanManagerConfigurer$InitializeUserDetailsManagerConfigurer - Global AuthenticationManager configured with UserDetailsService bean with name inMemoryUserDetailsManager
2026-02-03 11:34:42.740 [restartedMain] [req=] [user=] [ip=] WARN  bank o.s.w.s.m.m.a.RequestMappingHandlerMapping - Multiple @RequestMapping annotations found on public org.springframework.http.ResponseEntity com.example.Bank.controller.PaymentController.createTestTransaction(), but only the first will be used: [@org.springframework.web.bind.annotation.GetMapping(consumes={}, headers={}, name="", params={}, path={"/test/create"}, produces={}, value={"/test/create"}, version=""), @org.springframework.web.bind.annotation.PostMapping(consumes={}, headers={}, name="", params={}, path={"/test/create"}, produces={}, value={"/test/create"}, version="")]
2026-02-03 11:34:42.922 [restartedMain] [req=] [user=] [ip=] INFO  bank o.a.coyote.http11.Http11NioProtocol - Starting ProtocolHandler ["https-jsse-nio-8443"]
2026-02-03 11:34:42.992 [restartedMain] [req=] [user=] [ip=] INFO  bank o.a.t.u.net.NioEndpoint.certificate - Connector [https-jsse-nio-8443], TLS virtual host [_default_], certificate type [UNDEFINED] configured from keystore [C:\Users\Strahinja\.keystore] using alias [bank-cert] with trust store [null]
2026-02-03 11:34:43.003 [restartedMain] [req=] [user=] [ip=] INFO  bank o.s.boot.tomcat.TomcatWebServer - Tomcat started on port 8443 (https) with context path '/'
2026-02-03 11:34:43.006 [restartedMain] [req=] [user=] [ip=] INFO  bank com.example.Bank.BankApplication - Started BankApplication in 3.537 seconds (process running for 3.958)
2026-02-03 11:34:48.370 [https-jsse-nio-8443-exec-9] [req=] [user=] [ip=] INFO  bank o.a.c.c.C.[Tomcat].[localhost].[/] - Initializing Spring DispatcherServlet 'dispatcherServlet'
2026-02-03 11:34:48.370 [https-jsse-nio-8443-exec-9] [req=] [user=] [ip=] INFO  bank o.s.web.servlet.DispatcherServlet - Initializing Servlet 'dispatcherServlet'
2026-02-03 11:34:48.372 [https-jsse-nio-8443-exec-9] [req=] [user=] [ip=] INFO  bank o.s.web.servlet.DispatcherServlet - Completed initialization in 1 ms
2026-02-03 11:34:48.520 [https-jsse-nio-8443-exec-9] [req=877d0e] [user=] [ip=0:0:0:0:0:0:0:1] DEBUG bank org.hibernate.SQL - 
    select
        u1_0.id,
        u1_0.account_id,
        u1_0.email,
        u1_0.name,
        u1_0.password,
        u1_0.role,
        u1_0.surname 
    from
        users u1_0 
    where
        u1_0.email=?
2026-02-03 11:34:58.186 [https-jsse-nio-8443-exec-7] [req=7212d9] [user=3] [ip=0:0:0:0:0:0:0:1] INFO  bank c.e.B.controller.AccountController - getAllAccounts
2026-02-03 11:34:58.193 [https-jsse-nio-8443-exec-7] [req=7212d9] [user=3] [ip=0:0:0:0:0:0:0:1] DEBUG bank org.hibernate.SQL - 
    select
        a1_0.id,
        a1_0.account_holder_name,
        a1_0.account_number_enc,
        a1_0.account_number_hash,
        a1_0.balance,
        a1_0.currency,
        a1_0.deleted,
        a1_0.merchant_id,
        a1_0.user_id 
    from
        account a1_0 
    where
        a1_0.deleted=false
2026-02-03 11:35:29.914 [SpringApplicationShutdownHook] [req=] [user=] [ip=] INFO  bank o.s.boot.tomcat.GracefulShutdown - Commencing graceful shutdown. Waiting for active requests to complete
2026-02-03 11:35:29.919 [tomcat-shutdown] [req=] [user=] [ip=] INFO  bank o.s.boot.tomcat.GracefulShutdown - Graceful shutdown complete
2026-02-03 11:35:29.922 [SpringApplicationShutdownHook] [req=] [user=] [ip=] INFO  bank o.s.o.j.LocalContainerEntityManagerFactoryBean - Closing JPA EntityManagerFactory for persistence unit 'default'
2026-02-03 11:35:29.924 [SpringApplicationShutdownHook] [req=] [user=] [ip=] INFO  bank com.zaxxer.hikari.HikariDataSource - SpringBootJPAHikariCP - Shutdown initiated...
2026-02-03 11:35:29.925 [SpringApplicationShutdownHook] [req=] [user=] [ip=] INFO  bank com.zaxxer.hikari.HikariDataSource - SpringBootJPAHikariCP - Shutdown completed.
